Component: ARM Compiler 5.06 update 4 (build 422) Tool: armlink [4d35d2]

==============================================================================

Section Cross References

    task.o(i.balance_task) refers to sys_clock_config.o(i.sys_time) for sys_time
    task.o(i.balance_task) refers to control.o(i.balance_control) for balance_control
    task.o(i.balance_task) refers to sensor.o(.bss) for _sensor
    task.o(i.bluetooth_task) refers to sys_clock_config.o(i.sys_time) for sys_time
    task.o(i.bluetooth_task) refers to task.o(i.get_bluetooth_data) for get_bluetooth_data
    task.o(i.bluetooth_task) refers to control.o(.bss) for vel_pid
    task.o(i.estimator_task) refers to sys_clock_config.o(i.sys_time) for sys_time
    task.o(i.estimator_task) refers to attitude_estimator.o(i.complementary_filter) for complementary_filter
    task.o(i.estimator_task) refers to fflt_clz.o(x$fpl$ffltu) for __aeabi_ui2f
    task.o(i.estimator_task) refers to task.o(.data) for timestemp
    task.o(i.estimator_task) refers to sensor.o(.bss) for _sensor
    task.o(i.estimator_task) refers to main.o(.bss) for process_time
    task.o(i.get_bluetooth_data) refers to fflt_clz.o(x$fpl$fflt) for __aeabi_i2f
    task.o(i.get_bluetooth_data) refers to faddsub_clz.o(x$fpl$fsub) for __aeabi_fsub
    task.o(i.get_bluetooth_data) refers to f2d.o(x$fpl$f2d) for __aeabi_f2d
    task.o(i.get_bluetooth_data) refers to ddiv.o(x$fpl$ddiv) for __aeabi_ddiv
    task.o(i.get_bluetooth_data) refers to dmul.o(x$fpl$dmul) for __aeabi_dmul
    task.o(i.get_bluetooth_data) refers to d2f.o(x$fpl$d2f) for __aeabi_d2f
    task.o(i.get_bluetooth_data) refers to fflt_clz.o(x$fpl$ffltu) for __aeabi_ui2f
    task.o(i.get_bluetooth_data) refers to comfilter.o(i.rc_filter_process) for rc_filter_process
    task.o(i.get_bluetooth_data) refers to usart.o(.bss) for bluetooth
    task.o(i.get_bluetooth_data) refers to control.o(.bss) for vel_pid
    task.o(i.get_bluetooth_data) refers to task.o(.data) for pre_target
    task.o(i.motor_task) refers to sys_clock_config.o(i.sys_time) for sys_time
    task.o(i.motor_task) refers to ffix.o(x$fpl$ffix) for __aeabi_f2iz
    task.o(i.motor_task) refers to fflt_clz.o(x$fpl$ffltu) for __aeabi_ui2f
    task.o(i.motor_task) refers to comfilter.o(i.rc_filter_process) for rc_filter_process
    task.o(i.motor_task) refers to faddsub_clz.o(x$fpl$fsub) for __aeabi_fsub
    task.o(i.motor_task) refers to faddsub_clz.o(x$fpl$fadd) for __aeabi_fadd
    task.o(i.motor_task) refers to comfilter.o(i.constrain_int32) for constrain_int32
    task.o(i.motor_task) refers to task.o(.data) for timestemp
    task.o(i.motor_task) refers to control.o(.data) for FMAX
    task.o(i.motor_task) refers to control.o(.bss) for out_put
    task.o(i.motor_task) refers to parameters.o(.data) for init_flag
    task.o(i.sensor_read_task) refers to sys_clock_config.o(i.sys_time) for sys_time
    task.o(i.sensor_read_task) refers to mpu6050.o(i.mpu6050_get_data) for mpu6050_get_data
    task.o(i.sensor_read_task) refers to fflt_clz.o(x$fpl$ffltu) for __aeabi_ui2f
    task.o(i.sensor_read_task) refers to task.o(.data) for timestemp
    task.o(i.sensor_read_task) refers to sensor.o(.bss) for _sensor
    task.o(i.sensor_read_task) refers to main.o(.bss) for process_time
    task.o(i.task) refers to task.o(i.sensor_read_task) for sensor_read_task
    task.o(i.task) refers to task.o(i.estimator_task) for estimator_task
    task.o(i.task) refers to task.o(i.balance_task) for balance_task
    task.o(i.task) refers to task.o(i.bluetooth_task) for bluetooth_task
    task.o(i.task) refers to control.o(i.get_velocity) for get_velocity
    task.o(i.task) refers to sys_clock_config.o(i.sys_time) for sys_time
    task.o(i.task) refers to control.o(i.velocity_integral) for velocity_integral
    task.o(i.task) refers to task.o(i.velcontrol_task) for velcontrol_task
    task.o(i.task) refers to fflt_clz.o(x$fpl$ffltu) for __aeabi_ui2f
    task.o(i.task) refers to control.o(i.velocity_slope_out) for velocity_slope_out
    task.o(i.task) refers to task.o(i.motor_task) for motor_task
    task.o(i.task) refers to sensor.o(.bss) for _sensor
    task.o(i.task) refers to control.o(.data) for vel
    task.o(i.task) refers to task.o(.data) for slope_count
    task.o(i.task) refers to control.o(.bss) for out_put
    task.o(i.velcontrol_task) refers to sys_clock_config.o(i.sys_time) for sys_time
    task.o(i.velcontrol_task) refers to control.o(i.velocity_control) for velocity_control
    task.o(i.velcontrol_task) refers to control.o(.bss) for vel_pid
    task.o(i.velcontrol_task) refers to sensor.o(.bss) for _sensor
    task.o(i.velcontrol_task) refers to control.o(.data) for vel
    main.o(i.main) refers to system_init.o(i.system_init) for system_init
    main.o(i.main) refers to parameters.o(i.params_load_defaults) for params_load_defaults
    main.o(i.main) refers to platform.o(i.hal_config) for hal_config
[...]
    rx_counter_read                          0x2000005c   Data           4  usart1.o(.data)
    rx_counter_write                         0x20000060   Data           4  usart1.o(.data)
    .data                                    0x20000064   Section       40  control.o(.data)
    timestemp                                0x20000074   Data           4  control.o(.data)
    pre_vel                                  0x20000078   Data           4  control.o(.data)
    timestemp                                0x2000007c   Data           4  control.o(.data)
    timestemp                                0x20000080   Data           4  control.o(.data)
    count                                    0x20000084   Data           1  control.o(.data)
    pre_vel_error                            0x20000088   Data           4  control.o(.data)
    .data                                    0x20000090   Section       24  attitude_estimator.o(.data)
    inited                                   0x20000090   Data           1  attitude_estimator.o(.data)
    gyro_integral                            0x20000094   Data           4  attitude_estimator.o(.data)
    count                                    0x20000098   Data           2  attitude_estimator.o(.data)
    timestamp                                0x200000a0   Data           8  attitude_estimator.o(.data)
    .data                                    0x200000a8   Section       16  comfilter.o(.data)
    x_last                                   0x200000b0   Data           4  comfilter.o(.data)
    p_last                                   0x200000b4   Data           4  comfilter.o(.data)
    .data                                    0x200000b8   Section        8  mavlink.o(.data)
    state                                    0x200000bc   Data           4  mavlink.o(.data)
    .data                                    0x200000c0   Section        8  mpu6050.o(.data)
    timestemp                                0x200000c4   Data           4  mpu6050.o(.data)
    .data                                    0x200000c8   Section       40  encoder.o(.data)
    begin_time                               0x200000e0   Data           4  encoder.o(.data)
    pre_vel_1                                0x200000e4   Data           4  encoder.o(.data)
    begin_time                               0x200000e8   Data           4  encoder.o(.data)
    pre_vel_2                                0x200000ec   Data           4  encoder.o(.data)
    .data                                    0x200000f0   Section      308  param.o(.data)
    count                                    0x2000021c   Data           4  param.o(.data)
    check                                    0x20000220   Data           4  param.o(.data)
    .data                                    0x20000224   Section        8  platform.o(.data)
    head                                     0x20000224   Data           4  platform.o(.data)
    .data                                    0x2000022c   Section        4  topics.o(.data)
    head                                     0x2000022c   Data           4  topics.o(.data)
    .data                                    0x20000230   Section       20  stm32f10x_rcc.o(.data)
    APBAHBPrescTable                         0x20000230   Data          16  stm32f10x_rcc.o(.data)
    ADCPrescTable                            0x20000240   Data           4  stm32f10x_rcc.o(.data)
    .bss                                     0x20000244   Section       52  sensor.o(.bss)
    .bss                                     0x20000278   Section       12  main.o(.bss)
    .bss                                     0x20000284   Section       96  usart.o(.bss)
    .bss                                     0x200002e4   Section      448  usart1.o(.bss)
    tx_buffer                                0x200002e4   Data         192  usart1.o(.bss)
    .bss                                     0x200004a4   Section      224  control.o(.bss)
    vel_arr                                  0x200004e4   Data          80  control.o(.bss)
    pre_error                                0x20000534   Data          80  control.o(.bss)
    .bss                                     0x20000584   Section     1164  mavlink.o(.bss)
    mavlink_system                           0x20000584   Data           9  mavlink.o(.bss)
    m_mavlink_status                         0x2000058e   Data          48  mavlink.o(.bss)
    m_mavlink_buffer                         0x200005be   Data        1088  mavlink.o(.bss)
    timestamp                                0x20000a00   Data          16  mavlink.o(.bss)
    .bss                                     0x20000a10   Section       80  mpu6050.o(.bss)
    pre_acc                                  0x20000a48   Data          12  mpu6050.o(.bss)
    pre_gyro                                 0x20000a54   Data          12  mpu6050.o(.bss)
    .bss                                     0x20000a60   Section       96  libspace.o(.bss)
    HEAP                                     0x20000ac0   Section      512  startup_stm32f10x_md.o(HEAP)
    Heap_Mem                                 0x20000ac0   Data         512  startup_stm32f10x_md.o(HEAP)
    STACK                                    0x20000cc0   Section     1024  startup_stm32f10x_md.o(STACK)
    Stack_Mem                                0x20000cc0   Data        1024  startup_stm32f10x_md.o(STACK)
    __initial_sp                             0x200010c0   Data           0  startup_stm32f10x_md.o(STACK)

    Global Symbols

    Symbol Name                              Value     Ov Type        Size  Object(Section)

    BuildAttributes$$THM_ISAv4$P$D$K$B$S$PE$A:L22UL41UL21$X:L11$S22US41US21$IEEE1$IW$USESV6$~STKCKD$USESV7$~SHL$OTIME$ROPI$IEEEX$EBA8$UX$STANDARDLIB$REQ8$PRES8$EABIv2 0x00000000   Number         0  anon$$obj.o ABSOLUTE
    __ARM_use_no_argv                        0x00000000   Number         0  main.o ABSOLUTE
    SHT$$ARM_EXIDX$$Base                      - Undefined Reference
    SHT$$ARM_EXIDX$$Limit                     - Undefined Reference
    __ARM::default_unexpected_handler()       - Undefined Weak Reference
    __ARM_exceptions_buffer_required          - Undefined Weak Reference
    __ARM_exceptions_init                     - Undefined Weak Reference
    __aeabi_unwind_cpp_pr1                    - Undefined Weak Reference
    __aeabi_unwind_cpp_pr2                    - Undefined Weak Reference
    __alloca_initialize                       - Undefined Weak Reference
    __arm_preinit_                            - Undefined Weak Reference
    __cpp_initialize__aeabi_                  - Undefined Weak Reference
    __cxa_begin_cleanup                       - Undefined Weak Reference
    __cxa_finalize                            - Undefined Weak Reference
    __cxa_type_match                          - Undefined Weak Reference
    __rt_locale                               - Undefined Weak Reference
    __sigvec_lookup                           - Undefined Weak Reference
    __user_heap_extent                        - Undefined Weak Reference
    _atexit_init                              - Undefined Weak Reference
    _call_atexit_fns                          - Undefined Weak Reference
    _clock_init                               - Undefined Weak Reference
    _fp_trap_init                             - Undefined Weak Reference
    _fp_trap_shutdown                         - Undefined Weak Reference
    _get_lc_collate                           - Undefined Weak Reference
    _get_lc_ctype                             - Undefined Weak Reference
    _get_lc_monetary                          - Undefined Weak Reference
    _get_lc_numeric                           - Undefined Weak Reference
    _get_lc_time                              - Undefined Weak Reference
    _getenv_init                              - Undefined Weak Reference
    _handle_redirection                       - Undefined Weak Reference
    _initio                                   - Undefined Weak Reference
    _mutex_acquire                            - Undefined Weak Reference
    _mutex_free                               - Undefined Weak Reference
    _mutex_release                            - Undefined Weak Reference
    _rand_init                                - Undefined Weak Reference
    _signal_finish                            - Undefined Weak Reference
    _signal_init                              - Undefined Weak Reference
    _terminateio                              - Undefined Weak Reference
    __Vectors_Size                           0x000000ec   Number         0  startup_stm32f10x_md.o ABSOLUTE
    __Vectors                                0x08000000   Data           4  startup_stm32f10x_md.o(RESET)
    __Vectors_End                            0x080000ec   Data           0  startup_stm32f10x_md.o(RESET)
    __main                                   0x080000ed   Thumb Code     8  __main.o(!!!main)
    __scatterload                            0x080000f5   Thumb Code     0  __scatter.o(!!!scatter)
    __scatterload_rt2                        0x080000f5   Thumb Code    44  __scatter.o(!!!scatter)
    __scatterload_rt2_thumb_only             0x080000f5   Thumb Code     0  __scatter.o(!!!scatter)
    __scatterload_null                       0x08000103   Thumb Code     0  __scatter.o(!!!scatter)
    __decompress                             0x08000129   Thumb Code    90  __dczerorl2.o(!!dczerorl2)
    __decompress1                            0x08000129   Thumb Code     0  __dczerorl2.o(!!dczerorl2)
    __scatterload_zeroinit                   0x08000185   Thumb Code    28  __scatter_zi.o(!!handler_zi)
    __rt_lib_init                            0x080001a1   Thumb Code     0  libinit.o(.ARM.Collect$$libinit$$00000000)
    __rt_lib_init_fp_1                       0x080001a3   Thumb Code     0  libinit2.o(.ARM.Collect$$libinit$$00000002)
    __rt_lib_init_heap_2                     0x080001a3   Thumb Code     0  libinit2.o(.ARM.Collect$$libinit$$00000005)
    __rt_lib_init_preinit_1                  0x080001a3   Thumb Code     0  libinit2.o(.ARM.Collect$$libinit$$00000004)
    __rt_lib_init_alloca_1                   0x080001ab   Thumb Code     0  libinit2.o(.ARM.Collect$$libinit$$0000002E)
    __rt_lib_init_argv_1                     0x080001ab   Thumb Code     0  libinit2.o(.ARM.Collect$$libinit$$0000002C)
    __rt_lib_init_atexit_1                   0x080001ab   Thumb Code     0  libinit2.o(.ARM.Collect$$libinit$$0000001B)
    __rt_lib_init_clock_1                    0x080001ab   Thumb Code     0  libinit2.o(.ARM.Collect$$libinit$$00000021)
    __rt_lib_init_cpp_1                      0x080001ab   Thumb Code     0  libinit2.o(.ARM.Collect$$libinit$$00000032)
    __rt_lib_init_exceptions_1               0x080001ab   Thumb Code     0  libinit2.o(.ARM.Collect$$libinit$$00000030)
    __rt_lib_init_fp_trap_1                  0x080001ab   Thumb Code     0  libinit2.o(.ARM.Collect$$libinit$$0000001F)
    __rt_lib_init_getenv_1                   0x080001ab   Thumb Code     0  libinit2.o(.ARM.Collect$$libinit$$00000023)
    __rt_lib_init_heap_1                     0x080001ab   Thumb Code     0  libinit2.o(.ARM.Collect$$libinit$$0000000A)
    __rt_lib_init_lc_collate_1               0x080001ab   Thumb Code     0  libinit2.o(.ARM.Collect$$libinit$$00000011)
    __rt_lib_init_lc_ctype_1                 0x080001ab   Thumb Code     0  libinit2.o(.ARM.Collect$$libinit$$00000013)
    __rt_lib_init_lc_monetary_1              0x080001ab   Thumb Code     0  libinit2.o(.ARM.Collect$$libinit$$00000015)
    __rt_lib_init_lc_numeric_1               0x080001ab   Thumb Code     0  libinit2.o(.ARM.Collect$$libinit$$00000017)
    __rt_lib_init_lc_time_1                  0x080001ab   Thumb Code     0  libinit2.o(.ARM.Collect$$libinit$$00000019)
    __rt_lib_init_rand_1                     0x080001ab   Thumb Code     0  libinit2.o(.ARM.Collect$$libinit$$0000000E)
    __rt_lib_init_return                     0x080001ab   Thumb Code     0  libinit2.o(.ARM.Collect$$libinit$$00000033)
    __rt_lib_init_signal_1                   0x080001ab   Thumb Code     0  libinit2.o(.ARM.Collect$$libinit$$0000001D)
    __rt_lib_init_stdio_1                    0x080001ab   Thumb Code     0  libinit2.o(.ARM.Collect$$libinit$$00000025)
    __rt_lib_init_user_alloc_1               0x080001ab   Thumb Code     0  libinit2.o(.ARM.Collect$$libinit$$0000000C)
    __rt_lib_shutdown                        0x080001ad   Thumb Code     0  libshutdown.o(.ARM.Collect$$libshutdown$$00000000)
    __rt_lib_shutdown_cpp_1                  0x080001af   Thumb Code     0  libshutdown2.o(.ARM.Collect$$libshutdown$$00000002)
    __rt_lib_shutdown_fp_trap_1              0x080001af   Thumb Code     0  libshutdown2.o(.ARM.Collect$$libshutdown$$00000007)
    __rt_lib_shutdown_heap_1                 0x080001af   Thumb Code     0  libshutdown2.o(.ARM.Collect$$libshutdown$$0000000F)
    __rt_lib_shutdown_return                 0x080001af   Thumb Code     0  libshutdown2.o(.ARM.Collect$$libshutdown$$00000010)
    __rt_lib_shutdown_signal_1               0x080001af   Thumb Code     0  libshutdown2.o(.ARM.Collect$$libshutdown$$0000000A)
    __rt_lib_shutdown_stdio_1                0x080001af   Thumb Code     0  libshutdown2.o(.ARM.Collect$$libshutdown$$00000004)
    __rt_lib_shutdown_user_alloc_1           0x080001af   Thumb Code     0  libshutdown2.o(.ARM.Collect$$libshutdown$$0000000C)
    __rt_entry                               0x080001b1   Thumb Code     0  __rtentry.o(.ARM.Collect$$rtentry$$00000000)
    __rt_entry_presh_1                       0x080001b1   Thumb Code     0  __rtentry2.o(.ARM.Collect$$rtentry$$00000002)
    __rt_entry_sh                            0x080001b1   Thumb Code     0  __rtentry4.o(.ARM.Collect$$rtentry$$00000004)
    __rt_entry_li                            0x080001b7   Thumb Code     0  __rtentry2.o(.ARM.Collect$$rtentry$$0000000A)
    __rt_entry_postsh_1                      0x080001b7   Thumb Code     0  __rtentry2.o(.ARM.Collect$$rtentry$$00000009)
    __rt_entry_main                          0x080001bb   Thumb Code     0  __rtentry2.o(.ARM.Collect$$rtentry$$0000000D)
    __rt_entry_postli_1                      0x080001bb   Thumb Code     0  __rtentry2.o(.ARM.Collect$$rtentry$$0000000C)
    __rt_exit                                0x080001c3   Thumb Code     0  rtexit.o(.ARM.Collect$$rtexit$$00000000)
    __rt_exit_ls                             0x080001c5   Thumb Code     0  rtexit2.o(.ARM.Collect$$rtexit$$00000003)
    __rt_exit_prels_1                        0x080001c5   Thumb Code     0  rtexit2.o(.ARM.Collect$$rtexit$$00000002)
    __rt_exit_exit                           0x080001c9   Thumb Code     0  rtexit2.o(.ARM.Collect$$rtexit$$00000004)
    Reset_Handler                            0x080001d1   Thumb Code     8  startup_stm32f10x_md.o(.text)
    _maybe_terminate_alloc                   0x080001d1   Thumb Code     0  maybetermalloc1.o(.emb_text)
    NMI_Handler                              0x080001d9   Thumb Code     2  startup_stm32f10x_md.o(.text)
    HardFault_Handler                        0x080001db   Thumb Code     2  startup_stm32f10x_md.o(.text)
    MemManage_Handler                        0x080001dd   Thumb Code     2  startup_stm32f10x_md.o(.text)
    BusFault_Handler                         0x080001df   Thumb Code     2  startup_stm32f10x_md.o(.text)
    UsageFault_Handler                       0x080001e1   Thumb Code     2  startup_stm32f10x_md.o(.text)
    SVC_Handler                              0x080001e3   Thumb Code     2  startup_stm32f10x_md.o(.text)
    DebugMon_Handler                         0x080001e5   Thumb Code     2  startup_stm32f10x_md.o(.text)
    PendSV_Handler                           0x080001e7   Thumb Code     2  startup_stm32f10x_md.o(.text)
    ADC1_2_IRQHandler                        0x080001eb   Thumb Code     0  startup_stm32f10x_md.o(.text)
    CAN1_RX1_IRQHandler                      0x080001eb   Thumb Code     0  startup_stm32f10x_md.o(.text)
    CAN1_SCE_IRQHandler                      0x080001eb   Thumb Code     0  startup_stm32f10x_md.o(.text)
    DMA1_Channel1_IRQHandler                 0x080001eb   Thumb Code     0  startup_stm32f10x_md.o(.text)
    DMA1_Channel2_IRQHandler                 0x080001eb   Thumb Code     0  startup_stm32f10x_md.o(.text)
    DMA1_Channel3_IRQHandler                 0x080001eb   Thumb Code     0  startup_stm32f10x_md.o(.text)
    DMA1_Channel4_IRQHandler                 0x080001eb   Thumb Code     0  startup_stm32f10x_md.o(.text)
    DMA1_Channel5_IRQHandler                 0x080001eb   Thumb Code     0  startup_stm32f10x_md.o(.text)
    DMA1_Channel6_IRQHandler                 0x080001eb   Thumb Code     0  startup_stm32f10x_md.o(.text)
    DMA1_Channel7_IRQHandler                 0x080001eb   Thumb Code     0  startup_stm32f10x_md.o(.text)
    EXTI15_10_IRQHandler                     0x080001eb   Thumb Code     0  startup_stm32f10x_md.o(.text)
    EXTI1_IRQHandler                         0x080001eb   Thumb Code     0  startup_stm32f10x_md.o(.text)
    EXTI3_IRQHandler                         0x080001eb   Thumb Code     0  startup_stm32f10x_md.o(.text)
    EXTI4_IRQHandler                         0x080001eb   Thumb Code     0  startup_stm32f10x_md.o(.text)
    EXTI9_5_IRQHandler                       0x080001eb   Thumb Code     0  startup_stm32f10x_md.o(.text)
    FLASH_IRQHandler                         0x080001eb   Thumb Code     0  startup_stm32f10x_md.o(.text)
    I2C1_ER_IRQHandler                       0x080001eb   Thumb Code     0  startup_stm32f10x_md.o(.text)
    I2C1_EV_IRQHandler                       0x080001eb   Thumb Code     0  startup_stm32f10x_md.o(.text)
    I2C2_ER_IRQHandler                       0x080001eb   Thumb Code     0  startup_stm32f10x_md.o(.text)
    I2C2_EV_IRQHandler                       0x080001eb   Thumb Code     0  startup_stm32f10x_md.o(.text)
    PVD_IRQHandler                           0x080001eb   Thumb Code     0  startup_stm32f10x_md.o(.text)
    RCC_IRQHandler                           0x080001eb   Thumb Code     0  startup_stm32f10x_md.o(.text)
    RTCAlarm_IRQHandler                      0x080001eb   Thumb Code     0  startup_stm32f10x_md.o(.text)
    RTC_IRQHandler                           0x080001eb   Thumb Code     0  startup_stm32f10x_md.o(.text)
    SPI1_IRQHandler                          0x080001eb   Thumb Code     0  startup_stm32f10x_md.o(.text)
    SPI2_IRQHandler                          0x080001eb   Thumb Code     0  startup_stm32f10x_md.o(.text)
    TAMPER_IRQHandler                        0x080001eb   Thumb Code     0  startup_stm32f10x_md.o(.text)
    TIM1_BRK_IRQHandler                      0x080001eb   Thumb Code     0  startup_stm32f10x_md.o(.text)
    TIM1_CC_IRQHandler                       0x080001eb   Thumb Code     0  startup_stm32f10x_md.o(.text)
    TIM1_TRG_COM_IRQHandler                  0x080001eb   Thumb Code     0  startup_stm32f10x_md.o(.text)
    TIM1_UP_IRQHandler                       0x080001eb   Thumb Code     0  startup_stm32f10x_md.o(.text)
    TIM3_IRQHandler                          0x080001eb   Thumb Code     0  startup_stm32f10x_md.o(.text)
    TIM4_IRQHandler                          0x080001eb   Thumb Code     0  startup_stm32f10x_md.o(.text)
    USART2_IRQHandler                        0x080001eb   Thumb Code     0  startup_stm32f10x_md.o(.text)
    USART3_IRQHandler                        0x080001eb   Thumb Code     0  startup_stm32f10x_md.o(.text)
    USBWakeUp_IRQHandler                     0x080001eb   Thumb Code     0  startup_stm32f10x_md.o(.text)
    USB_HP_CAN1_TX_IRQHandler                0x080001eb   Thumb Code     0  startup_stm32f10x_md.o(.text)
    USB_LP_CAN1_RX0_IRQHandler               0x080001eb   Thumb Code     0  startup_stm32f10x_md.o(.text)
    WWDG_IRQHandler                          0x080001eb   Thumb Code     0  startup_stm32f10x_md.o(.text)
    __user_initial_stackheap                 0x080001ed   Thumb Code     0  startup_stm32f10x_md.o(.text)
    __aeabi_memcpy                           0x08000211   Thumb Code     0  rt_memcpy_v6.o(.text)
    __rt_memcpy                              0x08000211   Thumb Code   138  rt_memcpy_v6.o(.text)
    _memcpy_lastbytes                        0x08000277   Thumb Code     0  rt_memcpy_v6.o(.text)
    __aeabi_memcpy4                          0x0800029b   Thumb Code     0  rt_memcpy_w.o(.text)
    __aeabi_memcpy8                          0x0800029b   Thumb Code     0  rt_memcpy_w.o(.text)
    __rt_memcpy_w                            0x0800029b   Thumb Code   100  rt_memcpy_w.o(.text)
    _memcpy_lastbytes_aligned                0x080002e3   Thumb Code     0  rt_memcpy_w.o(.text)
    __aeabi_memclr                           0x080002ff   Thumb Code     0  rt_memclr.o(.text)
    __rt_memclr                              0x080002ff   Thumb Code    68  rt_memclr.o(.text)
    _memset                                  0x08000303   Thumb Code     0  rt_memclr.o(.text)
    __aeabi_memclr4                          0x08000343   Thumb Code     0  rt_memclr_w.o(.text)
    __aeabi_memclr8                          0x08000343   Thumb Code     0  rt_memclr_w.o(.text)
    __rt_memclr_w                            0x08000343   Thumb Code    78  rt_memclr_w.o(.text)
    _memset_w                                0x08000347   Thumb Code     0  rt_memclr_w.o(.text)
    strcmp                                   0x08000391   Thumb Code   128  strcmpv7m.o(.text)
    __use_two_region_memory                  0x08000411   Thumb Code     2  heapauxi.o(.text)
    __rt_heap_escrow                         0x08000413   Thumb Code     2  heapauxi.o(.text)
    __rt_heap_expand                         0x08000415   Thumb Code     2  heapauxi.o(.text)
    __rt_new_handler_addr                    0x08000419   Thumb Code     8  rt_new_handler_addr_intlibspace.o(.text)
    malloc                                   0x08000421   Thumb Code    94  h1_alloc.o(.text)
    __read_errno                             0x0800047f   Thumb Code    10  _rserrno.o(.text)
    __set_errno                              0x08000489   Thumb Code    12  _rserrno.o(.text)
    __default_new_handler()                  0x08000495   Thumb Code     4  arm_newhandler_noexceptions.o(.text)
    __user_libspace                          0x08000499   Thumb Code     8  libspace.o(.text)
    __user_perproc_libspace                  0x08000499   Thumb Code     0  libspace.o(.text)
    __user_perthread_libspace                0x08000499   Thumb Code     0  libspace.o(.text)
    __rt_heap_descriptor                     0x080004a1   Thumb Code     8  rt_heap_descriptor_intlibspace.o(.text)
    __aeabi_errno_addr                       0x080004a9   Thumb Code     8  rt_errno_addr_intlibspace.o(.text)
    __errno$intlibspace                      0x080004a9   Thumb Code     0  rt_errno_addr_intlibspace.o(.text)
    __rt_errno_addr$intlibspace              0x080004a9   Thumb Code     0  rt_errno_addr_intlibspace.o(.text)
    __use_no_heap                            0x080004b1   Thumb Code     2  hguard.o(.text)
    __heap$guard                             0x080004b3   Thumb Code     2  hguard.o(.text)
    _terminate_user_alloc                    0x080004b5   Thumb Code     2  init_alloc.o(.text)
    _init_user_alloc                         0x080004b7   Thumb Code     2  init_alloc.o(.text)
    __Heap_Full                              0x080004b9   Thumb Code    34  init_alloc.o(.text)
    __Heap_Broken                            0x080004db   Thumb Code     6  init_alloc.o(.text)
    _init_alloc                              0x080004e1   Thumb Code    94  init_alloc.o(.text)
    __Heap_Initialize                        0x0800053f   Thumb Code    10  h1_init.o(.text)
    __Heap_DescSize                          0x08000549   Thumb Code     4  h1_init.o(.text)
    free                                     0x0800054d   Thumb Code    78  h1_free.o(.text)
    std::terminate()                         0x0800059b   Thumb Code    26  arm_exceptions_terminate.o(.text)
    __user_setup_stackheap                   0x080005b5   Thumb Code    74  sys_stackheap_outer.o(.text)
    __Heap_ProvideMemory                     0x080005ff   Thumb Code    52  h1_extend.o(.text)
    exit                                     0x08000633   Thumb Code    18  exit.o(.text)
    abort                                    0x08000645   Thumb Code    22  abort.o(.text)
    __rt_SIGRTMEM                            0x0800065b   Thumb Code    14  defsig_rtmem_outer.o(.text)
    __cxa_get_globals                        0x0800066f   Thumb Code    62  arm_exceptions_globs.o(.text)
    _sys_exit                                0x080006b9   Thumb Code     8  sys_exit.o(.text)
    __I$use$semihosting                      0x080006c5   Thumb Code     0  use_no_semi.o(.text)
    __use_no_semihosting_swi                 0x080006c5   Thumb Code     2  use_no_semi.o(.text)
    __semihosting_library_function           0x080006c7   Thumb Code     0  indicate_semi.o(.text)
    __rt_eh_globals_addr                     0x080006c9   Thumb Code     8  rt_eh_globals_addr_intlibspace.o(.text)
    __sig_exit                               0x080006d1   Thumb Code    10  defsig_exit.o(.text)
    __rt_SIGABRT                             0x080006db   Thumb Code    14  defsig_abrt_outer.o(.text)
    __rt_SIGRTMEM_inner                      0x080006e9   Thumb Code    22  defsig_rtmem_inner.o(.text)
    __ARM_exceptions_buffer_init             0x08000739   Thumb Code    18  arm_exceptions_mem.o(.text)
    __ARM_exceptions_buffer_allocate         0x0800074b   Thumb Code    22  arm_exceptions_mem.o(.text)
    __ARM_exceptions_buffer_free             0x08000761   Thumb Code    20  arm_exceptions_mem.o(.text)
    __default_signal_display                 0x08000775   Thumb Code    50  defsig_general.o(.text)
    __rt_SIGABRT_inner                       0x080007a9   Thumb Code    14  defsig_abrt_inner.o(.text)
    _ttywrch                                 0x080007d9   Thumb Code    14  sys_wrch.o(.text)
    DMA_ClearFlag                            0x080007e9   Thumb Code    18  stm32f10x_dma.o(i.DMA_ClearFlag)
    DMA_Cmd                                  0x08000805   Thumb Code    24  stm32f10x_dma.o(i.DMA_Cmd)
    DMA_DeInit                               0x0800081d   Thumb Code   324  stm32f10x_dma.o(i.DMA_DeInit)
    DMA_GetFlagStatus                        0x08000969   Thumb Code    36  stm32f10x_dma.o(i.DMA_GetFlagStatus)
    DMA_Init                                 0x08000995   Thumb Code    60  stm32f10x_dma.o(i.DMA_Init)
    EXTI0_IRQHandler                         0x080009d1   Thumb Code   154  encoder.o(i.EXTI0_IRQHandler)
    EXTI2_IRQHandler                         0x08000a95   Thumb Code   156  encoder.o(i.EXTI2_IRQHandler)
    EXTI_ClearITPendingBit                   0x08000b55   Thumb Code     6  stm32f10x_exti.o(i.EXTI_ClearITPendingBit)
    EXTI_GetITStatus                         0x08000b61   Thumb Code    34  stm32f10x_exti.o(i.EXTI_GetITStatus)
    EXTI_Init                                0x08000b89   Thumb Code   142  stm32f10x_exti.o(i.EXTI_Init)
    FLASH_ErasePage                          0x08000c1d   Thumb Code    72  stm32f10x_flash.o(i.FLASH_ErasePage)
    FLASH_GetBank1Status                     0x08000c69   Thumb Code    48  stm32f10x_flash.o(i.FLASH_GetBank1Status)
    FLASH_Lock                               0x08000c9d   Thumb Code    14  stm32f10x_flash.o(i.FLASH_Lock)
    FLASH_ProgramWord                        0x08000cb1   Thumb Code   102  stm32f10x_flash.o(i.FLASH_ProgramWord)
    FLASH_Unlock                             0x08000d1d   Thumb Code    12  stm32f10x_flash.o(i.FLASH_Unlock)
    FLASH_WaitForLastOperation               0x08000d35   Thumb Code    38  stm32f10x_flash.o(i.FLASH_WaitForLastOperation)
    GPIO_EXTILineConfig                      0x08000d5d   Thumb Code    60  stm32f10x_gpio.o(i.GPIO_EXTILineConfig)
    GPIO_Init                                0x08000d9d   Thumb Code   278  stm32f10x_gpio.o(i.GPIO_Init)
    GPIO_ReadInputDataBit                    0x08000eb3   Thumb Code    18  stm32f10x_gpio.o(i.GPIO_ReadInputDataBit)
    GPIO_SetBits                             0x08000ec5   Thumb Code     4  stm32f10x_gpio.o(i.GPIO_SetBits)
    IICwriteBit                              0x08000ec9   Thumb Code    78  mpu6050.o(i.IICwriteBit)
    IICwriteBits                             0x08000f1d   Thumb Code   102  mpu6050.o(i.IICwriteBits)
    MPU6050_setClockSource                   0x08000f83   Thumb Code    20  mpu6050.o(i.MPU6050_setClockSource)
    MPU6050_setDLPF                          0x08000f97   Thumb Code    20  mpu6050.o(i.MPU6050_setDLPF)
    MPU6050_setFullScaleAccelRange           0x08000fab   Thumb Code    36  mpu6050.o(i.MPU6050_setFullScaleAccelRange)
    MPU6050_setFullScaleGyroRange            0x08000fcf   Thumb Code    36  mpu6050.o(i.MPU6050_setFullScaleGyroRange)
    MPU6050_setI2CBypassEnabled              0x08000ff3   Thumb Code    18  mpu6050.o(i.MPU6050_setI2CBypassEnabled)
    MPU6050_setI2CMasterModeEnabled          0x08001005   Thumb Code    18  mpu6050.o(i.MPU6050_setI2CMasterModeEnabled)
    MPU6050_setSleepEnabled                  0x08001017   Thumb Code    18  mpu6050.o(i.MPU6050_setSleepEnabled)
    MPU6050_set_SMPLRT_DIV                   0x08001029   Thumb Code    28  mpu6050.o(i.MPU6050_set_SMPLRT_DIV)
    NVIC_Init                                0x08001045   Thumb Code   100  misc.o(i.NVIC_Init)
    NVIC_PriorityGroupConfig                 0x080010b5   Thumb Code    10  misc.o(i.NVIC_PriorityGroupConfig)
    RCC_AHBPeriphClockCmd                    0x080010f1   Thumb Code    26  stm32f10x_rcc.o(i.RCC_AHBPeriphClockCmd)
    RCC_APB1PeriphClockCmd                   0x08001111   Thumb Code    26  stm32f10x_rcc.o(i.RCC_APB1PeriphClockCmd)
    RCC_APB1PeriphResetCmd                   0x08001131   Thumb Code    26  stm32f10x_rcc.o(i.RCC_APB1PeriphResetCmd)
    RCC_APB2PeriphClockCmd                   0x08001151   Thumb Code    26  stm32f10x_rcc.o(i.RCC_APB2PeriphClockCmd)
    RCC_APB2PeriphResetCmd                   0x08001171   Thumb Code    26  stm32f10x_rcc.o(i.RCC_APB2PeriphResetCmd)
    RCC_GetClocksFreq                        0x08001191   Thumb Code   192  stm32f10x_rcc.o(i.RCC_GetClocksFreq)
    SysTick_Handler                          0x0800134d   Thumb Code    12  sys_clock_config.o(i.SysTick_Handler)
    SystemInit                               0x0800135d   Thumb Code    78  system_stm32f10x.o(i.SystemInit)
    TIM2_IRQHandler                          0x080013bd   Thumb Code    64  time.o(i.TIM2_IRQHandler)
    TIM_ClearFlag                            0x08001409   Thumb Code     6  stm32f10x_tim.o(i.TIM_ClearFlag)
    TIM_ClearITPendingBit                    0x0800140f   Thumb Code     6  stm32f10x_tim.o(i.TIM_ClearITPendingBit)
    TIM_Cmd                                  0x08001415   Thumb Code    24  stm32f10x_tim.o(i.TIM_Cmd)
    TIM_DeInit                               0x0800142d   Thumb Code   424  stm32f10x_tim.o(i.TIM_DeInit)
    TIM_GetITStatus                          0x08001615   Thumb Code    34  stm32f10x_tim.o(i.TIM_GetITStatus)
    TIM_ITConfig                             0x08001637   Thumb Code    18  stm32f10x_tim.o(i.TIM_ITConfig)
    TIM_OC1Init                              0x08001649   Thumb Code   132  stm32f10x_tim.o(i.TIM_OC1Init)
    TIM_OC2Init                              0x080016e1   Thumb Code   154  stm32f10x_tim.o(i.TIM_OC2Init)
    TIM_OC3Init                              0x08001785   Thumb Code   150  stm32f10x_tim.o(i.TIM_OC3Init)
    TIM_OC4Init                              0x08001825   Thumb Code   114  stm32f10x_tim.o(i.TIM_OC4Init)
    TIM_TimeBaseInit                         0x080018a1   Thumb Code   122  stm32f10x_tim.o(i.TIM_TimeBaseInit)
    USART1_IRQHandler                        0x08001945   Thumb Code    70  usart1.o(i.USART1_IRQHandler)
    USART_ClockInit                          0x08001991   Thumb Code    34  stm32f10x_usart.o(i.USART_ClockInit)
    USART_Cmd                                0x080019b3   Thumb Code    24  stm32f10x_usart.o(i.USART_Cmd)
    USART_DMACmd                             0x080019cb   Thumb Code    18  stm32f10x_usart.o(i.USART_DMACmd)
    USART_GetITStatus                        0x080019dd   Thumb Code    84  stm32f10x_usart.o(i.USART_GetITStatus)
    USART_ITConfig                           0x08001a31   Thumb Code    74  stm32f10x_usart.o(i.USART_ITConfig)
    USART_Init                               0x08001a7d   Thumb Code   210  stm32f10x_usart.o(i.USART_Init)
    USART_ReceiveData                        0x08001b55   Thumb Code    10  stm32f10x_usart.o(i.USART_ReceiveData)
    USART_SendData                           0x08001b5f   Thumb Code     8  stm32f10x_usart.o(i.USART_SendData)
    mavlink_main(int, char**)                0x08001b69   Thumb Code    88  mavlink.o(i._Z12mavlink_mainiPPc)
    topics_config()                          0x08001bcd   Thumb Code   272  topics.o(i._Z13topics_configv)
    mavlink_send_uart_bytes(mavlink_channel_t, const unsigned char*, unsigned short) 0x08002081   Thumb Code    20  mavlink.o(i._Z23mavlink_send_uart_bytes17mavlink_channel_tPKht)
    mavlink_get_channel_buffer(unsigned char) 0x080020a5   Thumb Code    14  mavlink.o(i._Z26mavlink_get_channel_bufferh)
    mavlink_get_channel_status(unsigned char) 0x080020b9   Thumb Code    14  mavlink.o(i._Z26mavlink_get_channel_statush)
    subscribe(char*, void*)                  0x08002299   Thumb Code   146  topics.o(i._Z9subscribePcPv)
    Mavlink::stream_send()                   0x08002331   Thumb Code   202  mavlink.o(i._ZN7Mavlink11stream_sendEv)
    Mavlink::usart_receive()                 0x0800244d   Thumb Code    60  mavlink.o(i._ZN7Mavlink13usart_receiveEv)
    Mavlink::handle_message(mavlink_channel_t, __mavlink_message*) 0x08002489   Thumb Code   844  mavlink.o(i._ZN7Mavlink14handle_messageE17mavlink_channel_tP17__mavlink_message)
    Mavlink::heartbeat_send()                0x080027d9   Thumb Code   172  mavlink.o(i._ZN7Mavlink14heartbeat_sendEv)
    Mavlink::parameter_send()                0x08002889   Thumb Code    82  mavlink.o(i._ZN7Mavlink14parameter_sendEv)
    Mavlink::sys_status_send()               0x080028dd   Thumb Code   118  mavlink.o(i._ZN7Mavlink15sys_status_sendEv)
    Mavlink::task_main_trampoline(void*)     0x08002965   Thumb Code    14  mavlink.o(i._ZN7Mavlink20task_main_trampolineEPv)
    Mavlink::init()                          0x08002979   Thumb Code    18  mavlink.o(i._ZN7Mavlink4initEv)
    Mavlink::start()                         0x08002991   Thumb Code    18  mavlink.o(i._ZN7Mavlink5startEv)
    Mavlink::task_main()                     0x080029a9   Thumb Code   274  mavlink.o(i._ZN7Mavlink9task_mainEv)
    Mavlink::Mavlink()                       0x08002ad5   Thumb Code    40  mavlink.o(i._ZN7MavlinkC1Ev)
    Mavlink::Mavlink__sub_object()           0x08002ad5   Thumb Code     0  mavlink.o(i._ZN7MavlinkC1Ev)
    operator new[] (unsigned)                0x08002b01   Thumb Code     8  array_new.o(i._Znaj)
    operator new(unsigned)                   0x08002b09   Thumb Code    34  new.o(i._Znwj)
    __ARM_fpclassifyf                        0x08002b31   Thumb Code    38  fpclassifyf.o(i.__ARM_fpclassifyf)
    __mathlib_flt_infnan                     0x08002b57   Thumb Code     6  funder.o(i.__mathlib_flt_infnan)
    __mathlib_flt_invalid                    0x08002b5d   Thumb Code     8  funder.o(i.__mathlib_flt_invalid)
    __mathlib_flt_underflow                  0x08002b65   Thumb Code    10  funder.o(i.__mathlib_flt_underflow)
    asinf                                    0x08002b71   Thumb Code   254  asinf.o(i.asinf)
    balance_control                          0x08002c95   Thumb Code   320  control.o(i.balance_control)
    balance_task                             0x08002e15   Thumb Code    28  task.o(i.balance_task)
    bluetooth_task                           0x08002e35   Thumb Code    32  task.o(i.bluetooth_task)
    complementary_filter                     0x08002e59   Thumb Code   282  attitude_estimator.o(i.complementary_filter)
    constrain_float                          0x08002fb5   Thumb Code    40  comfilter.o(i.constrain_float)
    constrain_int32                          0x08002fdd   Thumb Code    22  comfilter.o(i.constrain_int32)
    delay_ms                                 0x08002ff3   Thumb Code    18  sys_clock_config.o(i.delay_ms)
    delay_us                                 0x08003005   Thumb Code    24  sys_clock_config.o(i.delay_us)
    encoder_config                           0x0800301d   Thumb Code   270  encoder.o(i.encoder_config)
    estimator_task                           0x08003139   Thumb Code    62  task.o(i.estimator_task)
    flash_erase_page                         0x08003185   Thumb Code    16  flash.o(i.flash_erase_page)
    flash_read                               0x08003195   Thumb Code    50  flash.o(i.flash_read)
    flash_save                               0x080031cd   Thumb Code    66  flash.o(i.flash_save)
    get_bluetooth_data                       0x08003219   Thumb Code   342  task.o(i.get_bluetooth_data)
    get_velocity                             0x0800339d   Thumb Code   162  control.o(i.get_velocity)
    hal_config                               0x08003461   Thumb Code    12  platform.o(i.hal_config)
    i2c_ask                                  0x0800346d   Thumb Code    54  i2c_init.o(i.i2c_ask)
    i2c_delay                                0x080034a9   Thumb Code    54  i2c_init.o(i.i2c_delay)
    i2c_init                                 0x080034e5   Thumb Code    40  i2c_init.o(i.i2c_init)
    i2c_noask                                0x08003511   Thumb Code    56  i2c_init.o(i.i2c_noask)
    i2c_read_buffer                          0x0800354d   Thumb Code   108  i2c_init.o(i.i2c_read_buffer)
    i2c_read_byte                            0x080035b9   Thumb Code    98  i2c_init.o(i.i2c_read_byte)
    i2c_send_byte                            0x08003621   Thumb Code    88  i2c_init.o(i.i2c_send_byte)
    i2c_start                                0x0800367d   Thumb Code    90  i2c_init.o(i.i2c_start)
    i2c_stop                                 0x080036dd   Thumb Code    56  i2c_init.o(i.i2c_stop)
    i2c_wait_ack                             0x08003719   Thumb Code    92  i2c_init.o(i.i2c_wait_ack)
    i2c_write_data                           0x08003779   Thumb Code    62  i2c_init.o(i.i2c_write_data)
    loop                                     0x080037b9   Thumb Code    34  platform.o(i.loop)
    main                                     0x080037e1   Thumb Code    24  main.o(i.main)
    motor_task                               0x080037f9   Thumb Code   424  task.o(i.motor_task)
    mpu6050_get_data                         0x080039dd   Thumb Code   476  mpu6050.o(i.mpu6050_get_data)
    mpu6050_init                             0x08003bd9   Thumb Code   104  mpu6050.o(i.mpu6050_init)
    mpu6050_read                             0x08003c41   Thumb Code   228  mpu6050.o(i.mpu6050_read)
    param_count                              0x08003d31   Thumb Code     6  param.o(i.param_count)
    param_get                                0x08003d3d   Thumb Code    34  param.o(i.param_get)
    param_name                               0x08003d69   Thumb Code    26  param.o(i.param_name)
    param_set                                0x08003d8d   Thumb Code    44  param.o(i.param_set)
    param_type                               0x08003dc5   Thumb Code    30  param.o(i.param_type)
    params_load_defaults                     0x08003ded   Thumb Code   102  parameters.o(i.params_load_defaults)
    pwm_init                                 0x08003ea5   Thumb Code   162  pwm.o(i.pwm_init)
    rc_filter                                0x08003f51   Thumb Code   100  comfilter.o(i.rc_filter)
    rc_filter_process                        0x08003fc5   Thumb Code   136  comfilter.o(i.rc_filter_process)
    read                                     0x08004059   Thumb Code    44  platform.o(i.read)
    rgb_led_init                             0x08004085   Thumb Code    40  rgb_led.o(i.rgb_led_init)
    schedule_register                        0x08004179   Thumb Code    74  platform.o(i.schedule_register)
    sensor_read_task                         0x080041c9   Thumb Code    48  task.o(i.sensor_read_task)
    set_sys_tick                             0x08004205   Thumb Code    60  sys_clock_config.o(i.set_sys_tick)
    sqrtf                                    0x08004245   Thumb Code    44  sqrtf.o(i.sqrtf)
    sys_time                                 0x08004271   Thumb Code    84  sys_clock_config.o(i.sys_time)
    system_init                              0x080042cd   Thumb Code    60  system_init.o(i.system_init)
    task                                     0x08004309   Thumb Code   106  task.o(i.task)
    task_config                              0x08004385   Thumb Code    26  platform.o(i.task_config)
    tim2_init                                0x080043a5   Thumb Code   116  time.o(i.tim2_init)
    time                                     0x08004419   Thumb Code     8  platform.o(i.time)
    uart_databuf_get                         0x0800476d   Thumb Code    40  usart.o(i.uart_databuf_get)
    usart1_read                              0x08004799   Thumb Code    16  usart1.o(i.usart1_read)
    usart1_write                             0x080047a9   Thumb Code    16  usart1.o(i.usart1_write)
    usart_init                               0x080047b9   Thumb Code   242  usart.o(i.usart_init)
    velcontrol_task                          0x080048bd   Thumb Code    34  task.o(i.velcontrol_task)
    velocity_control                         0x080048ed   Thumb Code   114  control.o(i.velocity_control)
    velocity_integral                        0x08004979   Thumb Code   198  control.o(i.velocity_integral)
    velocity_slope_out                       0x08004a61   Thumb Code    50  control.o(i.velocity_slope_out)
    write                                    0x08004a9d   Thumb Code    44  platform.o(i.write)
    __aeabi_d2f                              0x08004ac9   Thumb Code     0  d2f.o(x$fpl$d2f)
    _d2f                                     0x08004ac9   Thumb Code    98  d2f.o(x$fpl$d2f)
    __aeabi_dadd                             0x08004b2d   Thumb Code     0  daddsub_clz.o(x$fpl$dadd)
    _dadd                                    0x08004b2d   Thumb Code   332  daddsub_clz.o(x$fpl$dadd)
    __fpl_dcmp_Inf                           0x08004c7d   Thumb Code    24  dcmpi.o(x$fpl$dcmpinf)
    __aeabi_ddiv                             0x08004c95   Thumb Code     0  ddiv.o(x$fpl$ddiv)
    _ddiv                                    0x08004c95   Thumb Code   552  ddiv.o(x$fpl$ddiv)
    __aeabi_ui2d                             0x08004f45   Thumb Code     0  dflt_clz.o(x$fpl$dfltu)
    _dfltu                                   0x08004f45   Thumb Code    38  dflt_clz.o(x$fpl$dfltu)
    __aeabi_cdcmple                          0x08004f6d   Thumb Code     0  dleqf.o(x$fpl$dleqf)
    _dcmple                                  0x08004f6d   Thumb Code   120  dleqf.o(x$fpl$dleqf)
    __fpl_dcmple_InfNaN                      0x08004fcf   Thumb Code     0  dleqf.o(x$fpl$dleqf)
    __aeabi_dmul                             0x08004fe5   Thumb Code     0  dmul.o(x$fpl$dmul)
    _dmul                                    0x08004fe5   Thumb Code   332  dmul.o(x$fpl$dmul)
    __fpl_dnaninf                            0x08005139   Thumb Code   156  dnaninf.o(x$fpl$dnaninf)
    __fpl_dretinf                            0x080051d5   Thumb Code    12  dretinf.o(x$fpl$dretinf)
    __aeabi_cdrcmple                         0x080051e1   Thumb Code     0  drleqf.o(x$fpl$drleqf)
    _drcmple                                 0x080051e1   Thumb Code   108  drleqf.o(x$fpl$drleqf)
    __aeabi_dsub                             0x0800524d   Thumb Code     0  daddsub_clz.o(x$fpl$dsub)
    _dsub                                    0x0800524d   Thumb Code   464  daddsub_clz.o(x$fpl$dsub)
    __aeabi_f2d                              0x08005421   Thumb Code     0  f2d.o(x$fpl$f2d)
    _f2d                                     0x08005421   Thumb Code    86  f2d.o(x$fpl$f2d)
    __aeabi_fadd                             0x08005479   Thumb Code     0  faddsub_clz.o(x$fpl$fadd)
    _fadd                                    0x08005479   Thumb Code   196  faddsub_clz.o(x$fpl$fadd)
    __fpl_fcheck_NaN1                        0x0800553d   Thumb Code     6  fcheck1.o(x$fpl$fcheck1)
    __fpl_fcmp_Inf                           0x08005549   Thumb Code    24  fcmpi.o(x$fpl$fcmpinf)
    __aeabi_fdiv                             0x08005561   Thumb Code     0  fdiv.o(x$fpl$fdiv)
    _fdiv                                    0x08005561   Thumb Code   384  fdiv.o(x$fpl$fdiv)
    __aeabi_cfcmpeq                          0x080056e5   Thumb Code     0  feqf.o(x$fpl$feqf)
    _fcmpeq                                  0x080056e5   Thumb Code   104  feqf.o(x$fpl$feqf)
    __aeabi_f2iz                             0x0800574d   Thumb Code     0  ffix.o(x$fpl$ffix)
    _ffix                                    0x0800574d   Thumb Code    54  ffix.o(x$fpl$ffix)
    __aeabi_f2uiz                            0x08005785   Thumb Code     0  ffixu.o(x$fpl$ffixu)
    _ffixu                                   0x08005785   Thumb Code    62  ffixu.o(x$fpl$ffixu)
    __aeabi_i2f                              0x080057c5   Thumb Code     0  fflt_clz.o(x$fpl$fflt)
    _fflt                                    0x080057c5   Thumb Code    48  fflt_clz.o(x$fpl$fflt)
    __aeabi_ui2f                             0x080057f5   Thumb Code     0  fflt_clz.o(x$fpl$ffltu)
    _ffltu                                   0x080057f5   Thumb Code    38  fflt_clz.o(x$fpl$ffltu)
    __aeabi_cfcmple                          0x0800581d   Thumb Code     0  fleqf.o(x$fpl$fleqf)
    _fcmple                                  0x0800581d   Thumb Code   104  fleqf.o(x$fpl$fleqf)
    __fpl_fcmple_InfNaN                      0x0800586f   Thumb Code     0  fleqf.o(x$fpl$fleqf)
    __aeabi_fmul                             0x08005885   Thumb Code     0  fmul.o(x$fpl$fmul)
    _fmul                                    0x08005885   Thumb Code   258  fmul.o(x$fpl$fmul)
    __fpl_fnaninf                            0x08005987   Thumb Code   140  fnaninf.o(x$fpl$fnaninf)
    __fpl_fretinf                            0x08005a13   Thumb Code    10  fretinf.o(x$fpl$fretinf)
    __aeabi_cfrcmple                         0x08005a1d   Thumb Code     0  frleqf.o(x$fpl$frleqf)
    _frcmple                                 0x08005a1d   Thumb Code    98  frleqf.o(x$fpl$frleqf)
    __aeabi_frsub                            0x08005a7f   Thumb Code     0  faddsub_clz.o(x$fpl$frsb)
    _frsb                                    0x08005a7f   Thumb Code    20  faddsub_clz.o(x$fpl$frsb)
    _fsqrt                                   0x08005a95   Thumb Code   272  fsqrt.o(x$fpl$fsqrt)
    __aeabi_fsub                             0x08005ba5   Thumb Code     0  faddsub_clz.o(x$fpl$fsub)
    _fsub                                    0x08005ba5   Thumb Code   234  faddsub_clz.o(x$fpl$fsub)
    __fpl_return_NaN                         0x08005c8f   Thumb Code   100  retnan.o(x$fpl$retnan)
    __ARM_scalbnf                            0x08005cf3   Thumb Code    76  scalbnf.o(x$fpl$scalbnf)
    __fpl_cmpreturn                          0x08005d3f   Thumb Code    48  trapv.o(x$fpl$trapveneer)
    __I$use$fp                               0x08005d6e   Number         0  usenofp.o(x$fpl$usenofp)
    Region$$Table$$Base                      0x08005fcc   Number         0  anon$$obj.o(Region$$Table)
    Region$$Table$$Limit                     0x08005fec   Number         0  anon$$obj.o(Region$$Table)
    slope_count                              0x20000000   Data           4  task.o(.data)
    out_left_temp                            0x20000004   Data           4  task.o(.data)
    out_right_temp                           0x20000008   Data           4  task.o(.data)
    s32_left_out                             0x2000000c   Data           4  task.o(.data)
    s32_right_out                            0x20000010   Data           4  task.o(.data)
    init_flag                                0x2000003d   Data           1  parameters.o(.data)
    _sys_tick_count                          0x20000040   Data           4  sys_clock_config.o(.data)
    I2C_FastMode                             0x20000044   Data           1  i2c_init.o(.data)
    _irq_time_dt                             0x20000048   Data           4  time.o(.data)
    _interrupt_cnt                           0x2000004c   Data           4  time.o(.data)
    wrong_cont                               0x20000064   Data           4  control.o(.data)
    FMAX                                     0x20000068   Data           4  control.o(.data)
    vel                                      0x2000006c   Data           4  control.o(.data)
    lala                                     0x20000070   Data           4  control.o(.data)
    kalman_Q                                 0x200000a8   Data           4  comfilter.o(.data)
    kalman_R                                 0x200000ac   Data           4  comfilter.o(.data)
    namespace_mavlink::instance              0x200000b8   Data           4  mavlink.o(.data)
    mpu6050_ok                               0x200000c0   Data           1  mpu6050.o(.data)
    left_direct                              0x200000c8   Data           4  encoder.o(.data)
    right_direct                             0x200000cc   Data           4  encoder.o(.data)
    pre_left_direct                          0x200000d0   Data           4  encoder.o(.data)
    pre_right_direct                         0x200000d4   Data           4  encoder.o(.data)
    encoder1_speed                           0x200000d8   Data           4  encoder.o(.data)
    encoder2_speed                           0x200000dc   Data           4  encoder.o(.data)
    _param                                   0x200000f0   Data         300  param.o(.data)
    time_used                                0x20000228   Data           4  platform.o(.data)
    _sensor                                  0x20000244   Data          52  sensor.o(.bss)
    process_time                             0x20000278   Data          12  main.o(.bss)
    bluetooth                                0x20000284   Data          96  usart.o(.bss)
    rx_buffer                                0x200003a4   Data         256  usart1.o(.bss)
    out_put                                  0x200004a4   Data          20  control.o(.bss)
    vel_pid                                  0x200004b8   Data          32  control.o(.bss)
    bal_pid                                  0x200004d8   Data          12  control.o(.bss)
    mpu6050                                  0x20000a10   Data          40  mpu6050.o(.bss)
    mpu6050_buffer                           0x20000a38   Data          14  mpu6050.o(.bss)
    __libspace_start                         0x20000a60   Data          96  libspace.o(.bss)
    __temporary_stack_top$libspace           0x20000ac0   Data           0  libspace.o(.bss)



==============================================================================

Memory Map of the image

  Image Entry point : 0x080000ed

  Load Region LR_IROM1 (Base: 0x08000000, Size: 0x00006230, Max: 0x00020000, ABSOLUTE, COMPRESSED[0x0000607c])

    Execution Region ER_IROM1 (Base: 0x08000000, Size: 0x00005fec, Max: 0x00020000, ABSOLUTE)

    Base Addr    Size         Type   Attr      Idx    E Section Name        Object

    0x08000000   0x000000ec   Data   RO         5195    RESET               startup_stm32f10x_md.o
    0x080000ec   0x00000008   Code   RO         5248  * !!!main             c_w.l(__main.o)
    0x080000f4   0x00000034   Code   RO         5862    !!!scatter          c_w.l(__scatter.o)
    0x08000128   0x0000005a   Code   RO         5860    !!dczerorl2         c_w.l(__dczerorl2.o)
    0x08000182   0x00000002   PAD
    0x08000184   0x0000001c   Code   RO         5864    !!handler_zi        c_w.l(__scatter_zi.o)
    0x080001a0   0x00000002   Code   RO         5731    .ARM.Collect$$libinit$$00000000  c_w.l(libinit.o)
    0x080001a2   0x00000000   Code   RO         5527    .ARM.Collect$$libinit$$00000002  c_w.l(libinit2.o)
    0x080001a2   0x00000000   Code   RO         5529    .ARM.Collect$$libinit$$00000004  c_w.l(libinit2.o)
    0x080001a2   0x00000008   Code   RO         5530    .ARM.Collect$$libinit$$00000005  c_w.l(libinit2.o)
    0x080001aa   0x00000000   Code   RO         5532    .ARM.Collect$$libinit$$0000000A  c_w.l(libinit2.o)
    0x080001aa   0x00000000   Code   RO         5534    .ARM.Collect$$libinit$$0000000C  c_w.l(libinit2.o)
    0x080001aa   0x00000000   Code   RO         5536    .ARM.Collect$$libinit$$0000000E  c_w.l(libinit2.o)
    0x080001aa   0x00000000   Code   RO         5539    .ARM.Collect$$libinit$$00000011  c_w.l(libinit2.o)
    0x080001aa   0x00000000   Code   RO         5541    .ARM.Collect$$libinit$$00000013  c_w.l(libinit2.o)
    0x080001aa   0x00000000   Code   RO         5543    .ARM.Collect$$libinit$$00000015  c_w.l(libinit2.o)
    0x080001aa   0x00000000   Code   RO         5545    .ARM.Collect$$libinit$$00000017  c_w.l(libinit2.o)
    0x080001aa   0x00000000   Code   RO         5547    .ARM.Collect$$libinit$$00000019  c_w.l(libinit2.o)
    0x080001aa   0x00000000   Code   RO         5549    .ARM.Collect$$libinit$$0000001B  c_w.l(libinit2.o)
    0x080001aa   0x00000000   Code   RO         5551    .ARM.Collect$$libinit$$0000001D  c_w.l(libinit2.o)
    0x080001aa   0x00000000   Code   RO         5553    .ARM.Collect$$libinit$$0000001F  c_w.l(libinit2.o)
    0x080001aa   0x00000000   Code   RO         5555    .ARM.Collect$$libinit$$00000021  c_w.l(libinit2.o)
    0x080001aa   0x00000000   Code   RO         5557    .ARM.Collect$$libinit$$00000023  c_w.l(libinit2.o)
    0x080001aa   0x00000000   Code   RO         5559    .ARM.Collect$$libinit$$00000025  c_w.l(libinit2.o)
    0x080001aa   0x00000000   Code   RO         5563    .ARM.Collect$$libinit$$0000002C  c_w.l(libinit2.o)
    0x080001aa   0x00000000   Code   RO         5565    .ARM.Collect$$libinit$$0000002E  c_w.l(libinit2.o)
    0x080001aa   0x00000000   Code   RO         5567    .ARM.Collect$$libinit$$00000030  c_w.l(libinit2.o)
    0x080001aa   0x00000000   Code   RO         5569    .ARM.Collect$$libinit$$00000032  c_w.l(libinit2.o)
    0x080001aa   0x00000002   Code   RO         5570    .ARM.Collect$$libinit$$00000033  c_w.l(libinit2.o)
    0x080001ac   0x00000002   Code   RO         5843    .ARM.Collect$$libshutdown$$00000000  c_w.l(libshutdown.o)
    0x080001ae   0x00000000   Code   RO         5822    .ARM.Collect$$libshutdown$$00000002  c_w.l(libshutdown2.o)
    0x080001ae   0x00000000   Code   RO         5824    .ARM.Collect$$libshutdown$$00000004  c_w.l(libshutdown2.o)
    0x080001ae   0x00000000   Code   RO         5827    .ARM.Collect$$libshutdown$$00000007  c_w.l(libshutdown2.o)
    0x080001ae   0x00000000   Code   RO         5830    .ARM.Collect$$libshutdown$$0000000A  c_w.l(libshutdown2.o)
    0x080001ae   0x00000000   Code   RO         5832    .ARM.Collect$$libshutdown$$0000000C  c_w.l(libshutdown2.o)
    0x080001ae   0x00000000   Code   RO         5835    .ARM.Collect$$libshutdown$$0000000F  c_w.l(libshutdown2.o)
    0x080001ae   0x00000002   Code   RO         5836    .ARM.Collect$$libshutdown$$00000010  c_w.l(libshutdown2.o)
    0x080001b0   0x00000000   Code   RO         5350    .ARM.Collect$$rtentry$$00000000  c_w.l(__rtentry.o)
    0x080001b0   0x00000000   Code   RO         5474    .ARM.Collect$$rtentry$$00000002  c_w.l(__rtentry2.o)
    0x080001b0   0x00000006   Code   RO         5486    .ARM.Collect$$rtentry$$00000004  c_w.l(__rtentry4.o)
    0x080001b6   0x00000000   Code   RO         5476    .ARM.Collect$$rtentry$$00000009  c_w.l(__rtentry2.o)
    0x080001b6   0x00000004   Code   RO         5477    .ARM.Collect$$rtentry$$0000000A  c_w.l(__rtentry2.o)
    0x080001ba   0x00000000   Code   RO         5479    .ARM.Collect$$rtentry$$0000000C  c_w.l(__rtentry2.o)
    0x080001ba   0x00000008   Code   RO         5480    .ARM.Collect$$rtentry$$0000000D  c_w.l(__rtentry2.o)
    0x080001c2   0x00000002   Code   RO         5767    .ARM.Collect$$rtexit$$00000000  c_w.l(rtexit.o)
    0x080001c4   0x00000000   Code   RO         5805    .ARM.Collect$$rtexit$$00000002  c_w.l(rtexit2.o)
    0x080001c4   0x00000004   Code   RO         5806    .ARM.Collect$$rtexit$$00000003  c_w.l(rtexit2.o)
    0x080001c8   0x00000006   Code   RO         5807    .ARM.Collect$$rtexit$$00000004  c_w.l(rtexit2.o)
    0x080001ce   0x00000002   PAD
    0x080001d0   0x00000000   Code   RO         5707    .emb_text           c_w.l(maybetermalloc1.o)
    0x080001d0   0x00000040   Code   RO         5196    .text               startup_stm32f10x_md.o
    0x08000210   0x0000008a   Code   RO         5236    .text               c_w.l(rt_memcpy_v6.o)
    0x0800029a   0x00000064   Code   RO         5238    .text               c_w.l(rt_memcpy_w.o)
    0x080002fe   0x00000044   Code   RO         5240    .text               c_w.l(rt_memclr.o)
    0x08000342   0x0000004e   Code   RO         5242    .text               c_w.l(rt_memclr_w.o)
    0x08000390   0x00000080   Code   RO         5244    .text               c_w.l(strcmpv7m.o)
    0x08000410   0x00000006   Code   RO         5246    .text               c_w.l(heapauxi.o)
    0x08000416   0x00000002   PAD
    0x08000418   0x00000008   Code   RO         5354    .text               c_w.l(rt_new_handler_addr_intlibspace.o)
    0x08000420   0x0000005e   Code   RO         5358    .text               c_w.l(h1_alloc.o)
    0x0800047e   0x00000016   Code   RO         5412    .text               c_w.l(_rserrno.o)
    0x08000494   0x00000004   Code   RO         5417    .text               cpprt_w.l(arm_newhandler_noexceptions.o)
    0x08000498   0x00000008   Code   RO         5468    .text               c_w.l(libspace.o)
    0x080004a0   0x00000008   Code   RO         5491    .text               c_w.l(rt_heap_descriptor_intlibspace.o)
    0x080004a8   0x00000008   Code   RO         5496    .text               c_w.l(rt_errno_addr_intlibspace.o)
    0x080004b0   0x00000004   Code   RO         5498    .text               c_w.l(hguard.o)
    0x080004b4   0x0000008a   Code   RO         5500    .text               c_w.l(init_alloc.o)
    0x0800053e   0x0000000e   Code   RO         5506    .text               c_w.l(h1_init.o)
    0x0800054c   0x0000004e   Code   RO         5508    .text               c_w.l(h1_free.o)
    0x0800059a   0x0000001a   Code   RO         5693    .text               cpprt_w.l(arm_exceptions_terminate.o)
    0x080005b4   0x0000004a   Code   RO         5703    .text               c_w.l(sys_stackheap_outer.o)
    0x080005fe   0x00000034   Code   RO         5709    .text               c_w.l(h1_extend.o)
    0x08000632   0x00000012   Code   RO         5713    .text               c_w.l(exit.o)
    0x08000644   0x00000016   Code   RO         5715    .text               c_w.l(abort.o)
    0x0800065a   0x0000000e   Code   RO         5717    .text               c_w.l(defsig_rtmem_outer.o)
    0x08000668   0x00000050   Code   RO         5748    .text               cpprt_w.l(arm_exceptions_globs.o)
    0x080006b8   0x0000000c   Code   RO         5762    .text               c_w.l(sys_exit.o)
    0x080006c4   0x00000002   Code   RO         5764    .text               c_w.l(use_no_semi.o)
    0x080006c6   0x00000000   Code   RO         5766    .text               c_w.l(indicate_semi.o)
    0x080006c6   0x00000002   PAD
    0x080006c8   0x00000008   Code   RO         5774    .text               c_w.l(rt_eh_globals_addr_intlibspace.o)
    0x080006d0   0x0000000a   Code   RO         5780    .text               c_w.l(defsig_exit.o)
    0x080006da   0x0000000e   Code   RO         5782    .text               c_w.l(defsig_abrt_outer.o)
    0x080006e8   0x00000050   Code   RO         5786    .text               c_w.l(defsig_rtmem_inner.o)
    0x08000738   0x0000003c   Code   RO         5795    .text               cpprt_w.l(arm_exceptions_mem.o)
    0x08000774   0x00000032   Code   RO         5817    .text               c_w.l(defsig_general.o)
    0x080007a6   0x00000002   PAD
    0x080007a8   0x00000030   Code   RO         5819    .text               c_w.l(defsig_abrt_inner.o)
    0x080007d8   0x0000000e   Code   RO         5837    .text               c_w.l(sys_wrch.o)
    0x080007e6   0x00000002   PAD
    0x080007e8   0x0000001c   Code   RO         2940    i.DMA_ClearFlag     stm32f10x_dma.o
    0x08000804   0x00000018   Code   RO         2942    i.DMA_Cmd           stm32f10x_dma.o
    0x0800081c   0x0000014c   Code   RO         2943    i.DMA_DeInit        stm32f10x_dma.o
    0x08000968   0x0000002c   Code   RO         2945    i.DMA_GetFlagStatus  stm32f10x_dma.o
    0x08000994   0x0000003c   Code   RO         2948    i.DMA_Init          stm32f10x_dma.o
    0x080009d0   0x000000c4   Code   RO         1902    i.EXTI0_IRQHandler  encoder.o
    0x08000a94   0x000000c0   Code   RO         1903    i.EXTI2_IRQHandler  encoder.o
    0x08000b54   0x0000000c   Code   RO         3013    i.EXTI_ClearITPendingBit  stm32f10x_exti.o
    0x08000b60   0x00000028   Code   RO         3017    i.EXTI_GetITStatus  stm32f10x_exti.o
    0x08000b88   0x00000094   Code   RO         3018    i.EXTI_Init         stm32f10x_exti.o
    0x08000c1c   0x0000004c   Code   RO         3071    i.FLASH_ErasePage   stm32f10x_flash.o
    0x08000c68   0x00000034   Code   RO         3072    i.FLASH_GetBank1Status  stm32f10x_flash.o
    0x08000c9c   0x00000014   Code   RO         3081    i.FLASH_Lock        stm32f10x_flash.o
    0x08000cb0   0x0000006c   Code   RO         3086    i.FLASH_ProgramWord  stm32f10x_flash.o
    0x08000d1c   0x00000018   Code   RO         3089    i.FLASH_Unlock      stm32f10x_flash.o
    0x08000d34   0x00000026   Code   RO         3093    i.FLASH_WaitForLastOperation  stm32f10x_flash.o
    0x08000d5a   0x00000002   PAD
    0x08000d5c   0x00000040   Code   RO         3363    i.GPIO_EXTILineConfig  stm32f10x_gpio.o
    0x08000d9c   0x00000116   Code   RO         3366    i.GPIO_Init         stm32f10x_gpio.o
    0x08000eb2   0x00000012   Code   RO         3370    i.GPIO_ReadInputDataBit  stm32f10x_gpio.o
    0x08000ec4   0x00000004   Code   RO         3374    i.GPIO_SetBits      stm32f10x_gpio.o
    0x08000ec8   0x00000054   Code   RO         1769    i.IICwriteBit       mpu6050.o
    0x08000f1c   0x00000066   Code   RO         1770    i.IICwriteBits      mpu6050.o
    0x08000f82   0x00000014   Code   RO         1771    i.MPU6050_setClockSource  mpu6050.o
    0x08000f96   0x00000014   Code   RO         1772    i.MPU6050_setDLPF   mpu6050.o
    0x08000faa   0x00000024   Code   RO         1773    i.MPU6050_setFullScaleAccelRange  mpu6050.o
    0x08000fce   0x00000024   Code   RO         1774    i.MPU6050_setFullScaleGyroRange  mpu6050.o
    0x08000ff2   0x00000012   Code   RO         1775    i.MPU6050_setI2CBypassEnabled  mpu6050.o
    0x08001004   0x00000012   Code   RO         1776    i.MPU6050_setI2CMasterModeEnabled  mpu6050.o
    0x08001016   0x00000012   Code   RO         1777    i.MPU6050_setSleepEnabled  mpu6050.o
    0x08001028   0x0000001c   Code   RO         1778    i.MPU6050_set_SMPLRT_DIV  mpu6050.o
    0x08001044   0x00000070   Code   RO         2215    i.NVIC_Init         misc.o
    0x080010b4   0x00000014   Code   RO         2216    i.NVIC_PriorityGroupConfig  misc.o
    0x080010c8   0x00000028   Code   RO          584    i.NVIC_SetPriority  sys_clock_config.o
    0x080010f0   0x00000020   Code   RO         3781    i.RCC_AHBPeriphClockCmd  stm32f10x_rcc.o
    0x08001110   0x00000020   Code   RO         3782    i.RCC_APB1PeriphClockCmd  stm32f10x_rcc.o
    0x08001130   0x00000020   Code   RO         3783    i.RCC_APB1PeriphResetCmd  stm32f10x_rcc.o
    0x08001150   0x00000020   Code   RO         3784    i.RCC_APB2PeriphClockCmd  stm32f10x_rcc.o
    0x08001170   0x00000020   Code   RO         3785    i.RCC_APB2PeriphResetCmd  stm32f10x_rcc.o
    0x08001190   0x000000d4   Code   RO         3792    i.RCC_GetClocksFreq  stm32f10x_rcc.o
    0x08001264   0x00000008   Code   RO         5200    i.SetSysClock       system_stm32f10x.o
    0x0800126c   0x000000e0   Code   RO         5201    i.SetSysClockTo72   system_stm32f10x.o
    0x0800134c   0x00000010   Code   RO          585    i.SysTick_Handler   sys_clock_config.o
    0x0800135c   0x00000060   Code   RO         5203    i.SystemInit        system_stm32f10x.o
    0x080013bc   0x0000004c   Code   RO          772    i.TIM2_IRQHandler   time.o
    0x08001408   0x00000006   Code   RO         4410    i.TIM_ClearFlag     stm32f10x_tim.o
    0x0800140e   0x00000006   Code   RO         4411    i.TIM_ClearITPendingBit  stm32f10x_tim.o
    0x08001414   0x00000018   Code   RO         4416    i.TIM_Cmd           stm32f10x_tim.o
    0x0800142c   0x000001e8   Code   RO         4421    i.TIM_DeInit        stm32f10x_tim.o
    0x08001614   0x00000022   Code   RO         4437    i.TIM_GetITStatus   stm32f10x_tim.o
    0x08001636   0x00000012   Code   RO         4441    i.TIM_ITConfig      stm32f10x_tim.o
    0x08001648   0x00000098   Code   RO         4445    i.TIM_OC1Init       stm32f10x_tim.o
    0x080016e0   0x000000a4   Code   RO         4450    i.TIM_OC2Init       stm32f10x_tim.o
    0x08001784   0x000000a0   Code   RO         4455    i.TIM_OC3Init       stm32f10x_tim.o
    0x08001824   0x0000007c   Code   RO         4460    i.TIM_OC4Init       stm32f10x_tim.o
    0x080018a0   0x000000a4   Code   RO         4487    i.TIM_TimeBaseInit  stm32f10x_tim.o
    0x08001944   0x0000004c   Code   RO          825    i.USART1_IRQHandler  usart1.o
    0x08001990   0x00000022   Code   RO         4950    i.USART_ClockInit   stm32f10x_usart.o
    0x080019b2   0x00000018   Code   RO         4952    i.USART_Cmd         stm32f10x_usart.o
    0x080019ca   0x00000012   Code   RO         4953    i.USART_DMACmd      stm32f10x_usart.o
    0x080019dc   0x00000054   Code   RO         4956    i.USART_GetITStatus  stm32f10x_usart.o
    0x08001a30   0x0000004a   Code   RO         4958    i.USART_ITConfig    stm32f10x_usart.o
    0x08001a7a   0x00000002   PAD
    0x08001a7c   0x000000d8   Code   RO         4959    i.USART_Init        stm32f10x_usart.o
    0x08001b54   0x0000000a   Code   RO         4966    i.USART_ReceiveData  stm32f10x_usart.o
    0x08001b5e   0x00000008   Code   RO         4969    i.USART_SendData    stm32f10x_usart.o
    0x08001b66   0x00000002   PAD
    0x08001b68   0x00000064   Code   RO         1019    i._Z12mavlink_mainiPPc  mavlink.o
    0x08001bcc   0x0000022c   Code   RO         2170    i._Z13topics_configv  topics.o
    0x08001df8   0x00000022   Code   RO         1020    i._Z14crc_accumulatehPt  mavlink.o
    0x08001e1a   0x00000020   Code   RO         1021    i._Z16mav_array_memcpyPvPKvj  mavlink.o
    0x08001e3a   0x00000014   Code   RO         1022    i._Z18_mavlink_send_uart17mavlink_channel_tPKct  mavlink.o
    0x08001e4e   0x00000002   PAD
    0x08001e50   0x000001b0   Code   RO         1023    i._Z18mavlink_parse_charhhP17__mavlink_messageP16__mavlink_status  mavlink.o
    0x08002000   0x00000074   Code   RO         2171    i._Z20topic_register_queuePcjh  topics.o
    0x08002074   0x0000000c   Code   RO         1024    i._Z22mavlink_start_checksumP17__mavlink_message  mavlink.o
    0x08002080   0x00000014   Code   RO         1025    i._Z23mavlink_send_uart_bytes17mavlink_channel_tPKht  mavlink.o
    0x08002094   0x00000010   Code   RO         1026    i._Z23mavlink_update_checksumP17__mavlink_messageh  mavlink.o
    0x080020a4   0x00000014   Code   RO         1027    i._Z26mavlink_get_channel_bufferh  mavlink.o
    0x080020b8   0x00000014   Code   RO         1028    i._Z26mavlink_get_channel_statush  mavlink.o
    0x080020cc   0x00000060   Code   RO         1029    i._Z27mavlink_msg_sys_status_send17mavlink_channel_tjjjttsatttttt  mavlink.o
    0x0800212c   0x00000022   Code   RO         1030    i._Z28mavlink_msg_command_ack_send17mavlink_channel_tth  mavlink.o
    0x0800214e   0x00000040   Code   RO         1031    i._Z28mavlink_msg_param_value_send17mavlink_channel_tPKcfhtt  mavlink.o
    0x0800218e   0x00000002   PAD
    0x08002190   0x000000d8   Code   RO         1032    i._Z31_mav_finalize_message_chan_send17mavlink_channel_thPKchh  mavlink.o
    0x08002268   0x0000002e   Code   RO         1033    i._Z34mavlink_msg_named_value_float_send17mavlink_channel_tjPKcf  mavlink.o
    0x08002296   0x00000002   PAD
    0x08002298   0x00000098   Code   RO         2173    i._Z9subscribePcPv  topics.o
    0x08002330   0x0000011c   Code   RO         1034    i._ZN7Mavlink11stream_sendEv  mavlink.o
    0x0800244c   0x0000003c   Code   RO         1035    i._ZN7Mavlink13usart_receiveEv  mavlink.o
    0x08002488   0x00000350   Code   RO         1036    i._ZN7Mavlink14handle_messageE17mavlink_channel_tP17__mavlink_message  mavlink.o
    0x080027d8   0x000000b0   Code   RO         1037    i._ZN7Mavlink14heartbeat_sendEv  mavlink.o
    0x08002888   0x00000052   Code   RO         1038    i._ZN7Mavlink14parameter_sendEv  mavlink.o
    0x080028da   0x00000002   PAD
    0x080028dc   0x00000088   Code   RO         1039    i._ZN7Mavlink15sys_status_sendEv  mavlink.o
    0x08002964   0x00000014   Code   RO         1040    i._ZN7Mavlink20task_main_trampolineEPv  mavlink.o
    0x08002978   0x00000018   Code   RO         1041    i._ZN7Mavlink4initEv  mavlink.o
    0x08002990   0x00000018   Code   RO         1042    i._ZN7Mavlink5startEv  mavlink.o
    0x080029a8   0x0000012c   Code   RO         1043    i._ZN7Mavlink9task_mainEv  mavlink.o
    0x08002ad4   0x0000002c   Code   RO         1044    i._ZN7MavlinkC1Ev   mavlink.o
    0x08002b00   0x00000008   Code   RO         5250    i._Znaj             cpprt_w.l(array_new.o)
    0x08002b08   0x00000028   Code   RO         5254    i._Znwj             cpprt_w.l(new.o)
    0x08002b30   0x00000026   Code   RO         5452    i.__ARM_fpclassifyf  m_ws.l(fpclassifyf.o)
    0x08002b56   0x00000006   Code   RO         5455    i.__mathlib_flt_infnan  m_ws.l(funder.o)
    0x08002b5c   0x00000008   Code   RO         5457    i.__mathlib_flt_invalid  m_ws.l(funder.o)
    0x08002b64   0x0000000a   Code   RO         5460    i.__mathlib_flt_underflow  m_ws.l(funder.o)
    0x08002b6e   0x00000002   PAD
    0x08002b70   0x00000124   Code   RO         5319    i.asinf             m_ws.l(asinf.o)
    0x08002c94   0x00000180   Code   RO          882    i.balance_control   control.o
    0x08002e14   0x00000020   Code   RO          164    i.balance_task      task.o
    0x08002e34   0x00000024   Code   RO          165    i.bluetooth_task    task.o
    0x08002e58   0x0000015c   Code   RO          931    i.complementary_filter  attitude_estimator.o
    0x08002fb4   0x00000028   Code   RO          995    i.constrain_float   comfilter.o
    0x08002fdc   0x00000016   Code   RO         1007    i.constrain_int32   comfilter.o
    0x08002ff2   0x00000012   Code   RO          586    i.delay_ms          sys_clock_config.o
    0x08003004   0x00000018   Code   RO          587    i.delay_us          sys_clock_config.o
    0x0800301c   0x0000011c   Code   RO         1904    i.encoder_config    encoder.o
    0x08003138   0x0000004c   Code   RO          166    i.estimator_task    task.o
    0x08003184   0x00000010   Code   RO          636    i.flash_erase_page  flash.o
    0x08003194   0x00000038   Code   RO          637    i.flash_read        flash.o
    0x080031cc   0x0000004c   Code   RO          638    i.flash_save        flash.o
    0x08003218   0x00000184   Code   RO          167    i.get_bluetooth_data  task.o
    0x0800339c   0x000000c4   Code   RO          883    i.get_velocity      control.o
    0x08003460   0x0000000c   Code   RO         1993    i.hal_config        platform.o
    0x0800346c   0x0000003c   Code   RO          670    i.i2c_ask           i2c_init.o
    0x080034a8   0x0000003c   Code   RO          671    i.i2c_delay         i2c_init.o
    0x080034e4   0x0000002c   Code   RO          672    i.i2c_init          i2c_init.o
    0x08003510   0x0000003c   Code   RO          673    i.i2c_noask         i2c_init.o
    0x0800354c   0x0000006c   Code   RO          674    i.i2c_read_buffer   i2c_init.o
    0x080035b8   0x00000068   Code   RO          675    i.i2c_read_byte     i2c_init.o
    0x08003620   0x0000005c   Code   RO          677    i.i2c_send_byte     i2c_init.o
    0x0800367c   0x00000060   Code   RO          678    i.i2c_start         i2c_init.o
    0x080036dc   0x0000003c   Code   RO          679    i.i2c_stop          i2c_init.o
    0x08003718   0x00000060   Code   RO          680    i.i2c_wait_ack      i2c_init.o
    0x08003778   0x0000003e   Code   RO          682    i.i2c_write_data    i2c_init.o
    0x080037b6   0x00000002   PAD
    0x080037b8   0x00000028   Code   RO         1994    i.loop              platform.o
    0x080037e0   0x00000018   Code   RO          228    i.main              main.o
    0x080037f8   0x000001e4   Code   RO          168    i.motor_task        task.o
    0x080039dc   0x000001fc   Code   RO         1779    i.mpu6050_get_data  mpu6050.o
    0x08003bd8   0x00000068   Code   RO         1780    i.mpu6050_init      mpu6050.o
    0x08003c40   0x000000f0   Code   RO         1781    i.mpu6050_read      mpu6050.o
    0x08003d30   0x0000000c   Code   RO         1930    i.param_count       param.o
    0x08003d3c   0x0000002c   Code   RO         1932    i.param_get         param.o
    0x08003d68   0x00000024   Code   RO         1933    i.param_name        param.o
    0x08003d8c   0x00000038   Code   RO         1934    i.param_set         param.o
    0x08003dc4   0x00000028   Code   RO         1936    i.param_type        param.o
    0x08003dec   0x000000b8   Code   RO          399    i.params_load_defaults  parameters.o
    0x08003ea4   0x000000ac   Code   RO          760    i.pwm_init          pwm.o
    0x08003f50   0x00000074   Code   RO          965    i.rc_filter         comfilter.o
    0x08003fc4   0x00000094   Code   RO          966    i.rc_filter_process  comfilter.o
    0x08004058   0x0000002c   Code   RO         1995    i.read              platform.o
    0x08004084   0x0000002c   Code   RO         1864    i.rgb_led_init      rgb_led.o
    0x080040b0   0x00000080   Code   RO          826    i.rx_pop            usart1.o
    0x08004130   0x00000048   Code   RO          827    i.rx_push           usart1.o
    0x08004178   0x00000050   Code   RO         1998    i.schedule_register  platform.o
    0x080041c8   0x0000003c   Code   RO          169    i.sensor_read_task  task.o
    0x08004204   0x00000040   Code   RO          588    i.set_sys_tick      sys_clock_config.o
    0x08004244   0x0000002c   Code   RO         5343    i.sqrtf             m_ws.l(sqrtf.o)
    0x08004270   0x0000005c   Code   RO          589    i.sys_time          sys_clock_config.o
    0x080042cc   0x0000003c   Code   RO          572    i.system_init       system_init.o
    0x08004308   0x0000007c   Code   RO          170    i.task              task.o
    0x08004384   0x00000020   Code   RO         1999    i.task_config       platform.o
    0x080043a4   0x00000074   Code   RO          773    i.tim2_init         time.o
    0x08004418   0x00000008   Code   RO         2000    i.time              platform.o
    0x08004420   0x0000004c   Code   RO          828    i.tx_pop            usart1.o
    0x0800446c   0x0000007c   Code   RO          829    i.tx_push           usart1.o
    0x080044e8   0x00000284   Code   RO          796    i.uart_data_prase   usart.o
    0x0800476c   0x0000002c   Code   RO          797    i.uart_databuf_get  usart.o
    0x08004798   0x00000010   Code   RO          831    i.usart1_read       usart1.o
    0x080047a8   0x00000010   Code   RO          832    i.usart1_write      usart1.o
    0x080047b8   0x00000104   Code   RO          798    i.usart_init        usart.o
    0x080048bc   0x00000030   Code   RO          171    i.velcontrol_task   task.o
    0x080048ec   0x0000008c   Code   RO          884    i.velocity_control  control.o
    0x08004978   0x000000e8   Code   RO          885    i.velocity_integral  control.o
    0x08004a60   0x0000003c   Code   RO          886    i.velocity_slope_out  control.o
    0x08004a9c   0x0000002c   Code   RO         2002    i.write             platform.o
    0x08004ac8   0x00000062   Code   RO         5258    x$fpl$d2f           fz_ws.l(d2f.o)
    0x08004b2a   0x00000002   PAD
    0x08004b2c   0x00000150   Code   RO         5260    x$fpl$dadd          fz_ws.l(daddsub_clz.o)
    0x08004c7c   0x00000018   Code   RO         5433    x$fpl$dcmpinf       fz_ws.l(dcmpi.o)
    0x08004c94   0x000002b0   Code   RO         5267    x$fpl$ddiv          fz_ws.l(ddiv.o)
    0x08004f44   0x00000026   Code   RO         5270    x$fpl$dfltu         fz_ws.l(dflt_clz.o)
    0x08004f6a   0x00000002   PAD
    0x08004f6c   0x00000078   Code   RO         5276    x$fpl$dleqf         fz_ws.l(dleqf.o)
    0x08004fe4   0x00000154   Code   RO         5278    x$fpl$dmul          fz_ws.l(dmul.o)
    0x08005138   0x0000009c   Code   RO         5435    x$fpl$dnaninf       fz_ws.l(dnaninf.o)
    0x080051d4   0x0000000c   Code   RO         5437    x$fpl$dretinf       fz_ws.l(dretinf.o)
    0x080051e0   0x0000006c   Code   RO         5280    x$fpl$drleqf        fz_ws.l(drleqf.o)
    0x0800524c   0x000001d4   Code   RO         5262    x$fpl$dsub          fz_ws.l(daddsub_clz.o)
    0x08005420   0x00000056   Code   RO         5282    x$fpl$f2d           fz_ws.l(f2d.o)
    0x08005476   0x00000002   PAD
    0x08005478   0x000000c4   Code   RO         5284    x$fpl$fadd          fz_ws.l(faddsub_clz.o)
    0x0800553c   0x0000000c   Code   RO         5699    x$fpl$fcheck1       fz_ws.l(fcheck1.o)
    0x08005548   0x00000018   Code   RO         5441    x$fpl$fcmpinf       fz_ws.l(fcmpi.o)
    0x08005560   0x00000184   Code   RO         5291    x$fpl$fdiv          fz_ws.l(fdiv.o)
    0x080056e4   0x00000068   Code   RO         5294    x$fpl$feqf          fz_ws.l(feqf.o)
    0x0800574c   0x00000036   Code   RO         5296    x$fpl$ffix          fz_ws.l(ffix.o)
    0x08005782   0x00000002   PAD
    0x08005784   0x0000003e   Code   RO         5300    x$fpl$ffixu         fz_ws.l(ffixu.o)
    0x080057c2   0x00000002   PAD
    0x080057c4   0x00000030   Code   RO         5305    x$fpl$fflt          fz_ws.l(fflt_clz.o)
    0x080057f4   0x00000026   Code   RO         5304    x$fpl$ffltu         fz_ws.l(fflt_clz.o)
    0x0800581a   0x00000002   PAD
    0x0800581c   0x00000068   Code   RO         5312    x$fpl$fleqf         fz_ws.l(fleqf.o)
    0x08005884   0x00000102   Code   RO         5314    x$fpl$fmul          fz_ws.l(fmul.o)
    0x08005986   0x0000008c   Code   RO         5443    x$fpl$fnaninf       fz_ws.l(fnaninf.o)
    0x08005a12   0x0000000a   Code   RO         5445    x$fpl$fretinf       fz_ws.l(fretinf.o)
    0x08005a1c   0x00000062   Code   RO         5316    x$fpl$frleqf        fz_ws.l(frleqf.o)
    0x08005a7e   0x00000014   Code   RO         5285    x$fpl$frsb          fz_ws.l(faddsub_clz.o)
    0x08005a92   0x00000002   PAD
    0x08005a94   0x00000110   Code   RO         5447    x$fpl$fsqrt         fz_ws.l(fsqrt.o)
    0x08005ba4   0x000000ea   Code   RO         5286    x$fpl$fsub          fz_ws.l(faddsub_clz.o)
    0x08005c8e   0x00000064   Code   RO         5760    x$fpl$retnan        fz_ws.l(retnan.o)
    0x08005cf2   0x0000004c   Code   RO         5449    x$fpl$scalbnf       fz_ws.l(scalbnf.o)
    0x08005d3e   0x00000030   Code   RO         5802    x$fpl$trapveneer    fz_ws.l(trapv.o)
    0x08005d6e   0x00000000   Code   RO         5451    x$fpl$usenofp       fz_ws.l(usenofp.o)
    0x08005d6e   0x00000100   Data   RO         1072    .constdata          mavlink.o
    0x08005e6e   0x00000002   PAD
    0x08005e70   0x00000008   Data   RO         2013    .constdata          platform.o
    0x08005e78   0x00000146   Data   RO         1937    .conststring        param.o
    0x08005fbe   0x00000002   PAD
    0x08005fc0   0x00000009   Data   RO         2014    .conststring        platform.o
    0x08005fc9   0x00000003   PAD
    0x08005fcc   0x00000020   Data   RO         5858    Region$$Table       anon$$obj.o


    Execution Region RW_IRAM1 (Base: 0x20000000, Size: 0x000010c0, Max: 0x00005000, ABSOLUTE, COMPRESSED[0x00000090])

    Base Addr    Size         Type   Attr      Idx    E Section Name        Object

    0x20000000   0x0000003d   Data   RW          172    .data               task.o
    0x2000003d   0x00000001   Data   RW          400    .data               parameters.o
    0x2000003e   0x00000002   PAD
    0x20000040   0x00000004   Data   RW          591    .data               sys_clock_config.o
    0x20000044   0x00000001   Data   RW          683    .data               i2c_init.o
    0x20000045   0x00000003   PAD
    0x20000048   0x0000000c   Data   RW          774    .data               time.o
    0x20000054   0x00000010   Data   RW          834    .data               usart1.o
    0x20000064   0x00000028   Data   RW          888    .data               control.o
    0x2000008c   0x00000004   PAD
    0x20000090   0x00000018   Data   RW          934    .data               attitude_estimator.o
    0x200000a8   0x00000010   Data   RW          969    .data               comfilter.o
    0x200000b8   0x00000008   Data   RW         1073    .data               mavlink.o
    0x200000c0   0x00000008   Data   RW         1783    .data               mpu6050.o
    0x200000c8   0x00000028   Data   RW         1905    .data               encoder.o
    0x200000f0   0x00000134   Data   RW         1938    .data               param.o
    0x20000224   0x00000008   Data   RW         2015    .data               platform.o
    0x2000022c   0x00000004   Data   RW         2178    .data               topics.o
    0x20000230   0x00000014   Data   RW         3812    .data               stm32f10x_rcc.o
    0x20000244   0x00000034   Zero   RW            2    .bss                sensor.o
    0x20000278   0x0000000c   Zero   RW          230    .bss                main.o
    0x20000284   0x00000060   Zero   RW          799    .bss                usart.o
    0x200002e4   0x000001c0   Zero   RW          833    .bss                usart1.o
    0x200004a4   0x000000e0   Zero   RW          887    .bss                control.o
    0x20000584   0x0000048c   Zero   RW         1071    .bss                mavlink.o
    0x20000a10   0x00000050   Zero   RW         1782    .bss                mpu6050.o
    0x20000a60   0x00000060   Zero   RW         5469    .bss                c_w.l(libspace.o)
    0x20000ac0   0x00000200   Zero   RW         5194    HEAP                startup_stm32f10x_md.o
    0x20000cc0   0x00000400   Zero   RW         5193    STACK               startup_stm32f10x_md.o


==============================================================================

Image component sizes


      Code (inc. data)   RO Data    RW Data    ZI Data      Debug   Object Name

       348         66          0         24          0       3172   attitude_estimator.o
       326         28          0         16          0       3991   comfilter.o
      1012        168          0         40        224       5212   control.o
         0          0          0          0          0         32   core_cm3.o
       672         92          0         40          0       2565   encoder.o
       148         16          0          0          0       2289   flash.o
       842         44          0          1          0       7093   i2c_init.o
        24          0          0          0         12       7068   main.o
      3160        206        256          8       1164      64162   mavlink.o
       132         22          0          0          0       1631   misc.o
      1232         50          0          8         80      19813   mpu6050.o
       188         48        326        308          0       4641   param.o
       184         82          0          1          0        751   parameters.o
       260         18         17          8          0       6892   platform.o
       172         10          0          0          0        639   pwm.o
        44          4          0          0          0        535   rgb_led.o
         0          0          0          0         52     270498   sensor.o
        64         26        236          0       1536        812   startup_stm32f10x_md.o
       488         26          0          0          0       4622   stm32f10x_dma.o
       200         18          0          0          0       2196   stm32f10x_exti.o
       318         32          0          0          0       4930   stm32f10x_flash.o
       364          4          0          0          0       3825   stm32f10x_gpio.o
       372         50          0         20          0       6224   stm32f10x_rcc.o
      1340        156          0          0          0       7755   stm32f10x_tim.o
       468          6          0          0          0       6812   stm32f10x_usart.o
       254         24          0          4          0      18959   sys_clock_config.o
        60          0          0          0          0        498   system_init.o
       328         28          0          0          0       2025   system_stm32f10x.o
      1248        172          0         61          0       5589   task.o
       192         12          0         12          0       1948   time.o
       824        294          0          4          0      13400   topics.o
       948         48          0          0         96       2852   usart.o
       508         74          0         16        448       4733   usart1.o

    ----------------------------------------------------------------------
     16736       1824        874        580       3612     488164   Object Totals
         0          0         32          0          0          0   (incl. Generated)
        16          0          7          9          0          0   (incl. Padding)

    ----------------------------------------------------------------------

      Code (inc. data)   RO Data    RW Data    ZI Data      Debug   Library Member Name

        90          0          0          0          0          0   __dczerorl2.o
         8          0          0          0          0         68   __main.o
         0          0          0          0          0          0   __rtentry.o
        12          0          0          0          0          0   __rtentry2.o
         6          0          0          0          0          0   __rtentry4.o
        52          8          0          0          0          0   __scatter.o
        28          0          0          0          0          0   __scatter_zi.o
        22          0          0          0          0        100   _rserrno.o
        22          0          0          0          0         80   abort.o
        48         34          0          0          0         76   defsig_abrt_inner.o
        14          0          0          0          0         80   defsig_abrt_outer.o
        10          0          0          0          0         68   defsig_exit.o
        50          0          0          0          0         88   defsig_general.o
        80         58          0          0          0         76   defsig_rtmem_inner.o
        14          0          0          0          0         80   defsig_rtmem_outer.o
        18          0          0          0          0         80   exit.o
        94          0          0          0          0         80   h1_alloc.o
        52          0          0          0          0         68   h1_extend.o
        78          0          0          0          0         80   h1_free.o
        14          0          0          0          0         84   h1_init.o
         6          0          0          0          0        152   heapauxi.o
         4          0          0          0          0        136   hguard.o
         0          0          0          0          0          0   indicate_semi.o
       138          0          0          0          0        168   init_alloc.o
         2          0          0          0          0          0   libinit.o
        10          0          0          0          0          0   libinit2.o
         2          0          0          0          0          0   libshutdown.o
         2          0          0          0          0          0   libshutdown2.o
         8          4          0          0         96         68   libspace.o
         0          0          0          0          0          0   maybetermalloc1.o
         8          4          0          0          0         68   rt_eh_globals_addr_intlibspace.o
         8          4          0          0          0         68   rt_errno_addr_intlibspace.o
         8          4          0          0          0         68   rt_heap_descriptor_intlibspace.o
        68          0          0          0          0         68   rt_memclr.o
        78          0          0          0          0         80   rt_memclr_w.o
       138          0          0          0          0         68   rt_memcpy_v6.o
       100          0          0          0          0         80   rt_memcpy_w.o
         8          4          0          0          0         68   rt_new_handler_addr_intlibspace.o
         2          0          0          0          0          0   rtexit.o
        10          0          0          0          0          0   rtexit2.o
       128          0          0          0          0         68   strcmpv7m.o
        12          4          0          0          0         68   sys_exit.o
        74          0          0          0          0         80   sys_stackheap_outer.o
        14          0          0          0          0         76   sys_wrch.o
         2          0          0          0          0         68   use_no_semi.o
        80         12          0          0          0        104   arm_exceptions_globs.o
        60          0          0          0          0        108   arm_exceptions_mem.o
        26          0          0          0          0         76   arm_exceptions_terminate.o
         4          0          0          0          0         68   arm_newhandler_noexceptions.o
         8          0          0          0          0         76   array_new.o
        40          6          0          0          0         76   new.o
        98          4          0          0          0         92   d2f.o
       804         16          0          0          0        272   daddsub_clz.o
        24          0          0          0          0         68   dcmpi.o
       688        140          0          0          0        208   ddiv.o
        38          0          0          0          0         68   dflt_clz.o
       120          4          0          0          0         92   dleqf.o
       340         12          0          0          0        104   dmul.o
       156          4          0          0          0         92   dnaninf.o
        12          0          0          0          0         68   dretinf.o
       108          0          0          0          0         80   drleqf.o
        86          4          0          0          0         84   f2d.o
       450          8          0          0          0        236   faddsub_clz.o
        12          4          0          0          0         68   fcheck1.o
        24          0          0          0          0         68   fcmpi.o
       388         76          0          0          0         96   fdiv.o
       104          4          0          0          0         84   feqf.o
        54          4          0          0          0         84   ffix.o
        62          4          0          0          0         84   ffixu.o
        86          0          0          0          0        136   fflt_clz.o
       104          4          0          0          0         84   fleqf.o
       258          4          0          0          0         84   fmul.o
       140          4          0          0          0         84   fnaninf.o
        10          0          0          0          0         68   fretinf.o
        98          0          0          0          0         68   frleqf.o
       272        100          0          0          0         88   fsqrt.o
       100          0          0          0          0         68   retnan.o
        76          0          0          0          0         68   scalbnf.o
        48          0          0          0          0         68   trapv.o
         0          0          0          0          0          0   usenofp.o
       292         38          0          0          0        120   asinf.o
        38          0          0          0          0         68   fpclassifyf.o
        24          0          0          0          0        204   funder.o
        44          0          0          0          0         80   sqrtf.o

    ----------------------------------------------------------------------
      6946        576          0          0         96       6304   Library Totals
        28          0          0          0          0          0   (incl. Padding)

    ----------------------------------------------------------------------

      Code (inc. data)   RO Data    RW Data    ZI Data      Debug   Library Name

      1542        124          0          0         96       2560   c_w.l
       218         18          0          0          0        508   cpprt_w.l
      4760        396          0          0          0       2764   fz_ws.l
       398         38          0          0          0        472   m_ws.l

    ----------------------------------------------------------------------
      6946        576          0          0         96       6304   Library Totals

    ----------------------------------------------------------------------

==============================================================================


      Code (inc. data)   RO Data    RW Data    ZI Data      Debug   

     23682       2400        874        580       3708     482608   Grand Totals
     23682       2400        874        144       3708     482608   ELF Image Totals (compressed)
     23682       2400        874        144          0          0   ROM Totals

==============================================================================

    Total RO  Size (Code + RO Data)                24556 (  23.98kB)
    Total RW  Size (RW Data + ZI Data)              4288 (   4.19kB)
    Total ROM Size (Code + RO Data + RW Data)      24700 (  24.12kB)

==============================================================================

